Archive member included to satisfy reference by file (symbol)

lib/keypad/libkeypad_lib.a(Keypad4x4.cpp.obj)
                              CMakeFiles/symbion_station8.dir/main.cpp.obj (Keypad4x4::Keypad4x4(unsigned char const*, unsigned char const*))
lib/ultrasonic/libultrasonic_lib.a(Ultrasonic.cpp.obj)
                              CMakeFiles/symbion_station8.dir/main.cpp.obj (Ultrasonic::Ultrasonic(unsigned char, unsigned char))
lib/motor/libmotor_lib.a(MotorDriver.cpp.obj)
                              CMakeFiles/symbion_station8.dir/main.cpp.obj (MotorDriver::MotorDriver(unsigned char, unsigned char, unsigned char))
lib/servo/libservo_lib.a(ServoController.cpp.obj)
                              CMakeFiles/symbion_station8.dir/main.cpp.obj (ServoController::ServoController(unsigned char, unsigned short, unsigned short))
lib/buttons/libbuttons_lib.a(PushButton.cpp.obj)
                              CMakeFiles/symbion_station8.dir/main.cpp.obj (PushButton::PushButton(unsigned char, bool))
lib/buttons/libbuttons_lib.a(Buzzer.cpp.obj)
                              CMakeFiles/symbion_station8.dir/main.cpp.obj (Buzzer::Buzzer(unsigned char))
C:/PROGRA~1/RASPBE~1/PICOSD~1.1/GCC-AR~1/bin/../lib/gcc/arm-none-eabi/14.3.1/thumb/v6-m/nofp\libgcc.a(_dvmd_tls.o)
                              CMakeFiles/symbion_station8.dir/C_/Program_Files/Raspberry_Pi/Pico_SDK_v1.5.1/pico-sdk/src/rp2_common/pico_divider/divider.S.obj (__aeabi_idiv0)
C:/PROGRA~1/RASPBE~1/PICOSD~1.1/GCC-AR~1/bin/../lib/gcc/arm-none-eabi/14.3.1/../../../../arm-none-eabi/lib/thumb/v6-m/nofp\libc.a(libc_a-calloc.o)
                              CMakeFiles/symbion_station8.dir/C_/Program_Files/Raspberry_Pi/Pico_SDK_v1.5.1/pico-sdk/src/rp2_common/pico_malloc/pico_malloc.c.obj (calloc)
C:/PROGRA~1/RASPBE~1/PICOSD~1.1/GCC-AR~1/bin/../lib/gcc/arm-none-eabi/14.3.1/../../../../arm-none-eabi/lib/thumb/v6-m/nofp\libc.a(libc_a-callocr.o)
                              C:/PROGRA~1/RASPBE~1/PICOSD~1.1/GCC-AR~1/bin/../lib/gcc/arm-none-eabi/14.3.1/../../../../arm-none-eabi/lib/thumb/v6-m/nofp\libc.a(libc_a-calloc.o) (_calloc_r)
C:/PROGRA~1/RASPBE~1/PICOSD~1.1/GCC-AR~1/bin/../lib/gcc/arm-none-eabi/14.3.1/../../../../arm-none-eabi/lib/thumb/v6-m/nofp\libc.a(libc_a-malloc.o)
                              CMakeFiles/symbion_station8.dir/C_/Program_Files/Raspberry_Pi/Pico_SDK_v1.5.1/pico-sdk/src/rp2_common/pico_malloc/pico_malloc.c.obj (malloc)
C:/PROGRA~1/RASPBE~1/PICOSD~1.1/GCC-AR~1/bin/../lib/gcc/arm-none-eabi/14.3.1/../../../../arm-none-eabi/lib/thumb/v6-m/nofp\libc.a(libc_a-mallocr.o)
                              C:/PROGRA~1/RASPBE~1/PICOSD~1.1/GCC-AR~1/bin/../lib/gcc/arm-none-eabi/14.3.1/../../../../arm-none-eabi/lib/thumb/v6-m/nofp\libc.a(libc_a-callocr.o) (_malloc_r)
C:/PROGRA~1/RASPBE~1/PICOSD~1.1/GCC-AR~1/bin/../lib/gcc/arm-none-eabi/14.3.1/../../../../arm-none-eabi/lib/thumb/v6-m/nofp\libc.a(libc_a-mlock.o)
                              C:/PROGRA~1/RASPBE~1/PICOSD~1.1/GCC-AR~1/bin/../lib/gcc/arm-none-eabi/14.3.1/../../../../arm-none-eabi/lib/thumb/v6-m/nofp\libc.a(libc_a-mallocr.o) (__malloc_lock)
C:/PROGRA~1/RASPBE~1/PICOSD~1.1/GCC-AR~1/bin/../lib/gcc/arm-none-eabi/14.3.1/../../../../arm-none-eabi/lib/thumb/v6-m/nofp\libc.a(libc_a-realloc.o)
                              CMakeFiles/symbion_station8.dir/C_/Program_Files/Raspberry_Pi/Pico_SDK_v1.5.1/pico-sdk/src/rp2_common/pico_malloc/pico_malloc.c.obj (realloc)
C:/PROGRA~1/RASPBE~1/PICOSD~1.1/GCC-AR~1/bin/../lib/gcc/arm-none-eabi/14.3.1/../../../../arm-none-eabi/lib/thumb/v6-m/nofp\libc.a(libc_a-reallocr.o)
                              C:/PROGRA~1/RASPBE~1/PICOSD~1.1/GCC-AR~1/bin/../lib/gcc/arm-none-eabi/14.3.1/../../../../arm-none-eabi/lib/thumb/v6-m/nofp\libc.a(libc_a-realloc.o) (_realloc_r)
C:/PROGRA~1/RASPBE~1/PICOSD~1.1/GCC-AR~1/bin/../lib/gcc/arm-none-eabi/14.3.1/../../../../arm-none-eabi/lib/thumb/v6-m/nofp\libc.a(libc_a-memmove.o)
                              C:/PROGRA~1/RASPBE~1/PICOSD~1.1/GCC-AR~1/bin/../lib/gcc/arm-none-eabi/14.3.1/../../../../arm-none-eabi/lib/thumb/v6-m/nofp\libc.a(libc_a-reallocr.o) (memmove)
C:/PROGRA~1/RASPBE~1/PICOSD~1.1/GCC-AR~1/bin/../lib/gcc/arm-none-eabi/14.3.1/../../../../arm-none-eabi/lib/thumb/v6-m/nofp\libc.a(libc_a-impure.o)
                              C:/PROGRA~1/RASPBE~1/PICOSD~1.1/GCC-AR~1/bin/../lib/gcc/arm-none-eabi/14.3.1/../../../../arm-none-eabi/lib/thumb/v6-m/nofp\libc.a(libc_a-calloc.o) (_impure_ptr)
C:/PROGRA~1/RASPBE~1/PICOSD~1.1/GCC-AR~1/bin/../lib/gcc/arm-none-eabi/14.3.1/../../../../arm-none-eabi/lib/thumb/v6-m/nofp\libc.a(libc_a-sbrkr.o)
                              C:/PROGRA~1/RASPBE~1/PICOSD~1.1/GCC-AR~1/bin/../lib/gcc/arm-none-eabi/14.3.1/../../../../arm-none-eabi/lib/thumb/v6-m/nofp\libc.a(libc_a-mallocr.o) (_sbrk_r)
C:/PROGRA~1/RASPBE~1/PICOSD~1.1/GCC-AR~1/bin/../lib/gcc/arm-none-eabi/14.3.1/../../../../arm-none-eabi/lib/thumb/v6-m/nofp\libc.a(libc_a-errno.o)
[...]
Memory Configuration

Name             Origin             Length             Attributes
FLASH            0x10000000         0x00200000         xr
RAM              0x20000000         0x00040000         xrw
SCRATCH_X        0x20040000         0x00001000         xrw
SCRATCH_Y        0x20041000         0x00001000         xrw
*default*        0x00000000         0xffffffff

Linker script and memory map

LOAD C:/PROGRA~1/RASPBE~1/PICOSD~1.1/GCC-AR~1/bin/../lib/gcc/arm-none-eabi/14.3.1/thumb/v6-m/nofp/crti.o
LOAD C:/PROGRA~1/RASPBE~1/PICOSD~1.1/GCC-AR~1/bin/../lib/gcc/arm-none-eabi/14.3.1/thumb/v6-m/nofp/crtbegin.o
LOAD C:/PROGRA~1/RASPBE~1/PICOSD~1.1/GCC-AR~1/bin/../lib/gcc/arm-none-eabi/14.3.1/../../../../arm-none-eabi/lib/thumb/v6-m/nofp/crt0.o

.flash_begin    0x10000000        0x0
                0x10000000                        __flash_binary_start = .

.boot2          0x10000000      0x100
                0x10000000                        __boot2_start__ = .
 *(.boot2)
 .boot2         0x10000000      0x100 C:\Users\SONDOS~1\AppData\Local\Temp\cctIuU6s.o
                0x10000100                        __boot2_end__ = .
                0x00000001                        ASSERT (((__boot2_end__ - __boot2_start__) == 0x100), ERROR: Pico second stage bootloader must be 256 bytes in size)

.text           0x10000100     0x8598
                0x10000100                        __logical_binary_start = .
 *(.vectors)
 .vectors       0x10000100       0xd4 CMakeFiles/symbion_station8.dir/C_/Program_Files/Raspberry_Pi/Pico_SDK_v1.5.1/pico-sdk/src/rp2_common/pico_standard_link/crt0.S.obj
                0x10000100                __VECTOR_TABLE
                0x10000100                __vectors
                0x100001c0                isr_invalid
                0x100001c0                __default_isrs_start
                0x100001c2                isr_nmi
                0x100001c4                isr_hardfault
                0x100001c6                isr_svcall
                0x100001c8                isr_pendsv
                0x100001ca                isr_systick
                0x100001cc                isr_irq23
                0x100001cc                isr_irq18
                0x100001cc                isr_irq11
                0x100001cc                isr_irq28
                0x100001cc                isr_irq19
                0x100001cc                isr_irq0
                0x100001cc                isr_irq6
                0x100001cc                isr_irq5
                0x100001cc                isr_irq12
                0x100001cc                isr_irq22
                0x100001cc                isr_irq31
                0x100001cc                isr_irq17
                0x100001cc                isr_irq27
                0x100001cc                isr_irq30
                0x100001cc                isr_irq2
                0x100001cc                isr_irq10
                0x100001cc                isr_irq8
                0x100001cc                isr_irq24
                0x100001cc                isr_irq1
                0x100001cc                isr_irq7
                0x100001cc                isr_irq21
                0x100001cc                isr_irq20
                0x100001cc                isr_irq15
                0x100001cc                isr_irq25
                0x100001cc                isr_irq13
                0x100001cc                __unhandled_user_irq
                0x100001cc                isr_irq4
                0x100001cc                isr_irq16
                0x100001cc                isr_irq29
                0x100001cc                isr_irq26
                0x100001cc                __default_isrs_end
                0x100001cc                isr_irq3
                0x100001cc                isr_irq14
                0x100001cc                isr_irq9
                0x100001d2                unhandled_user_irq_num_in_r0
 *(.binary_info_header)
 .binary_info_header
                0x100001d4       0x14 CMakeFiles/symbion_station8.dir/C_/Program_Files/Raspberry_Pi/Pico_SDK_v1.5.1/pico-sdk/src/rp2_common/pico_standard_link/crt0.S.obj
                0x100001e8                        __binary_info_header_end = .
 *(.reset)
 .reset         0x100001e8       0xa0 CMakeFiles/symbion_station8.dir/C_/Program_Files/Raspberry_Pi/Pico_SDK_v1.5.1/pico-sdk/src/rp2_common/pico_standard_link/crt0.S.obj
                0x100001e8                _entry_point
 .reset         0x10000288       0x30 CMakeFiles/symbion_station8.dir/C_/Program_Files/Raspberry_Pi/Pico_SDK_v1.5.1/pico-sdk/src/rp2_common/pico_standard_link/binary_info.c.obj
 *(.init)
 .init          0x100002b8        0x4 C:/PROGRA~1/RASPBE~1/PICOSD~1.1/GCC-AR~1/bin/../lib/gcc/arm-none-eabi/14.3.1/thumb/v6-m/nofp/crti.o
                0x100002b8                _init
 *(EXCLUDE_FILE(*libm.a: *libc.a:*lib_a-mem*.o *libgcc.a:) .text*)
 .text.register_tm_clones
                0x100002bc       0x28 C:/PROGRA~1/RASPBE~1/PICOSD~1.1/GCC-AR~1/bin/../lib/gcc/arm-none-eabi/14.3.1/thumb/v6-m/nofp/crtbegin.o
 .text.frame_dummy
                0x100002e4       0x24 C:/PROGRA~1/RASPBE~1/PICOSD~1.1/GCC-AR~1/bin/../lib/gcc/arm-none-eabi/14.3.1/thumb/v6-m/nofp/crtbegin.o
 .text._Z18initializeHardwarev
                0x10000308       0xe4 CMakeFiles/symbion_station8.dir/main.cpp.obj
                0x10000308                initializeHardware()
 .text._Z12moveToColumnh
                0x100003ec      0x264 CMakeFiles/symbion_station8.dir/main.cpp.obj
                0x100003ec                moveToColumn(unsigned char)
 .text._Z12returnToHomev
                0x10000650       0xcc CMakeFiles/symbion_station8.dir/main.cpp.obj
                0x10000650                returnToHome()
 .text._Z19executeDropSequencev
                0x1000071c       0xe0 CMakeFiles/symbion_station8.dir/main.cpp.obj
                0x1000071c                executeDropSequence()
 .text._Z20executeResetSequencev
                0x100007fc      0x114 CMakeFiles/symbion_station8.dir/main.cpp.obj
                0x100007fc                executeResetSequence()
 .text._Z17handleKeypadInputv
                0x10000910       0xac CMakeFiles/symbion_station8.dir/main.cpp.obj
                0x10000910                handleKeypadInput()
 .text._Z17handleButtonInputv
                0x100009bc      0x16c CMakeFiles/symbion_station8.dir/main.cpp.obj
                0x100009bc                handleButtonInput()
 .text._Z18updateStateMachinev
                0x10000b28      0x354 CMakeFiles/symbion_station8.dir/main.cpp.obj
                0x10000b28                updateStateMachine()
 .text.startup.main
                0x10000e7c       0xf0 CMakeFiles/symbion_station8.dir/main.cpp.obj
                0x10000e7c                main
 .text.startup._GLOBAL__sub_I_keypad
                0x10000f6c       0xc0 CMakeFiles/symbion_station8.dir/main.cpp.obj
 .text.gpio_set_function
                0x1000102c       0x30 CMakeFiles/symbion_station8.dir/C_/Program_Files/Raspberry_Pi/Pico_SDK_v1.5.1/pico-sdk/src/rp2_common/hardware_gpio/gpio.c.obj
                0x1000102c                gpio_set_function
 .text.gpio_set_pulls
                0x1000105c       0x24 CMakeFiles/symbion_station8.dir/C_/Program_Files/Raspberry_Pi/Pico_SDK_v1.5.1/pico-sdk/src/rp2_common/hardware_gpio/gpio.c.obj
                0x1000105c                gpio_set_pulls
 .text.gpio_init
                0x10001080       0x3c CMakeFiles/symbion_station8.dir/C_/Program_Files/Raspberry_Pi/Pico_SDK_v1.5.1/pico-sdk/src/rp2_common/hardware_gpio/gpio.c.obj
                0x10001080                gpio_init
 .text.running_on_fpga
                0x100010bc       0x10 CMakeFiles/symbion_station8.dir/C_/Program_Files/Raspberry_Pi/Pico_SDK_v1.5.1/pico-sdk/src/rp2_common/pico_platform/platform.c.obj
                0x100010bc                running_on_fpga
 .text.hw_claim_or_assert
                0x100010cc       0x44 CMakeFiles/symbion_station8.dir/C_/Program_Files/Raspberry_Pi/Pico_SDK_v1.5.1/pico-sdk/src/rp2_common/hardware_claim/claim.c.obj
                0x100010cc                hw_claim_or_assert
 .text.hw_claim_unused_from_range
                0x10001110       0x88 CMakeFiles/symbion_station8.dir/C_/Program_Files/Raspberry_Pi/Pico_SDK_v1.5.1/pico-sdk/src/rp2_common/hardware_claim/claim.c.obj
                0x10001110                hw_claim_unused_from_range
 .text.spin_locks_reset
                0x10001198       0x1c CMakeFiles/symbion_station8.dir/C_/Program_Files/Raspberry_Pi/Pico_SDK_v1.5.1/pico-sdk/src/rp2_common/hardware_sync/sync.c.obj
                0x10001198                spin_locks_reset
 .text.next_striped_spin_lock_num
                0x100011b4       0x18 CMakeFiles/symbion_station8.dir/C_/Program_Files/Raspberry_Pi/Pico_SDK_v1.5.1/pico-sdk/src/rp2_common/hardware_sync/sync.c.obj
                0x100011b4                next_striped_spin_lock_num
 .text.spin_lock_claim_unused
                0x100011cc       0x24 CMakeFiles/symbion_station8.dir/C_/Program_Files/Raspberry_Pi/Pico_SDK_v1.5.1/pico-sdk/src/rp2_common/hardware_sync/sync.c.obj
                0x100011cc                spin_lock_claim_unused
 .text.irq_set_enabled
                0x100011f0       0x24 CMakeFiles/symbion_station8.dir/C_/Program_Files/Raspberry_Pi/Pico_SDK_v1.5.1/pico-sdk/src/rp2_common/hardware_irq/irq.c.obj
                0x100011f0                irq_set_enabled
 .text.irq_set_pending
                0x10001214       0x10 CMakeFiles/symbion_station8.dir/C_/Program_Files/Raspberry_Pi/Pico_SDK_v1.5.1/pico-sdk/src/rp2_common/hardware_irq/irq.c.obj
                0x10001214                irq_set_pending
 .text.irq_has_shared_handler
                0x10001224       0x2c CMakeFiles/symbion_station8.dir/C_/Program_Files/Raspberry_Pi/Pico_SDK_v1.5.1/pico-sdk/src/rp2_common/hardware_irq/irq.c.obj
                0x10001224                irq_has_shared_handler
 .text.irq_get_vtable_handler
                0x10001250       0x10 CMakeFiles/symbion_station8.dir/C_/Program_Files/Raspberry_Pi/Pico_SDK_v1.5.1/pico-sdk/src/rp2_common/hardware_irq/irq.c.obj
                0x10001250                irq_get_vtable_handler
 .text.irq_set_exclusive_handler
                0x10001260       0x54 CMakeFiles/symbion_station8.dir/C_/Program_Files/Raspberry_Pi/Pico_SDK_v1.5.1/pico-sdk/src/rp2_common/hardware_irq/irq.c.obj
                0x10001260                irq_set_exclusive_handler
 .text.irq_add_shared_handler
                0x100012b4      0x1f4 CMakeFiles/symbion_station8.dir/C_/Program_Files/Raspberry_Pi/Pico_SDK_v1.5.1/pico-sdk/src/rp2_common/hardware_irq/irq.c.obj
                0x100012b4                irq_add_shared_handler
 .text.irq_remove_handler
                0x100014a8      0x1bc CMakeFiles/symbion_station8.dir/C_/Program_Files/Raspberry_Pi/Pico_SDK_v1.5.1/pico-sdk/src/rp2_common/hardware_irq/irq.c.obj
                0x100014a8                irq_remove_handler
 .text.irq_add_tail_to_free_list
                0x10001664       0xb4 CMakeFiles/symbion_station8.dir/C_/Program_Files/Raspberry_Pi/Pico_SDK_v1.5.1/pico-sdk/src/rp2_common/hardware_irq/irq.c.obj
                0x10001664                irq_add_tail_to_free_list
 .text.irq_init_priorities
                0x10001718       0x24 CMakeFiles/symbion_station8.dir/C_/Program_Files/Raspberry_Pi/Pico_SDK_v1.5.1/pico-sdk/src/rp2_common/hardware_irq/irq.c.obj
                0x10001718                irq_init_priorities
 .text.user_irq_claim_unused
                0x1000173c       0x2c CMakeFiles/symbion_station8.dir/C_/Program_Files/Raspberry_Pi/Pico_SDK_v1.5.1/pico-sdk/src/rp2_common/hardware_irq/irq.c.obj
                0x1000173c                user_irq_claim_unused
 .text.lock_init
                0x10001768       0x10 CMakeFiles/symbion_station8.dir/C_/Program_Files/Raspberry_Pi/Pico_SDK_v1.5.1/pico-sdk/src/common/pico_sync/lock_core.c.obj
                0x10001768                lock_init
 .text.mutex_init
                0x10001778       0x1c CMakeFiles/symbion_station8.dir/C_/Program_Files/Raspberry_Pi/Pico_SDK_v1.5.1/pico-sdk/src/common/pico_sync/mutex.c.obj
                0x10001778                mutex_init
 .text.recursive_mutex_init
                0x10001794       0x1c CMakeFiles/symbion_station8.dir/C_/Program_Files/Raspberry_Pi/Pico_SDK_v1.5.1/pico-sdk/src/common/pico_sync/mutex.c.obj
                0x10001794                recursive_mutex_init
 .text.critical_section_init
                0x100017b0       0x1c CMakeFiles/symbion_station8.dir/C_/Program_Files/Raspberry_Pi/Pico_SDK_v1.5.1/pico-sdk/src/common/pico_sync/critical_section.c.obj
                0x100017b0                critical_section_init
 .text.critical_section_init_with_lock_num
                0x100017cc       0x14 CMakeFiles/symbion_station8.dir/C_/Program_Files/Raspberry_Pi/Pico_SDK_v1.5.1/pico-sdk/src/common/pico_sync/critical_section.c.obj
                0x100017cc                critical_section_init_with_lock_num
 .text.timer_pool_entry_comparator
                0x100017e0       0x34 CMakeFiles/symbion_station8.dir/C_/Program_Files/Raspberry_Pi/Pico_SDK_v1.5.1/pico-sdk/src/common/pico_time/time.c.obj
                0x100017e0                timer_pool_entry_comparator
 .text.sleep_until_callback
                0x10001814       0x30 CMakeFiles/symbion_station8.dir/C_/Program_Files/Raspberry_Pi/Pico_SDK_v1.5.1/pico-sdk/src/common/pico_time/time.c.obj
 .text.add_alarm_under_lock.isra.0
                0x10001844      0x100 CMakeFiles/symbion_station8.dir/C_/Program_Files/Raspberry_Pi/Pico_SDK_v1.5.1/pico-sdk/src/common/pico_time/time.c.obj
 .text.alarm_pool_alarm_callback
                0x10001944      0x1a8 CMakeFiles/symbion_station8.dir/C_/Program_Files/Raspberry_Pi/Pico_SDK_v1.5.1/pico-sdk/src/common/pico_time/time.c.obj
 .text.alarm_pool_init_default
                0x10001aec       0x6c CMakeFiles/symbion_station8.dir/C_/Program_Files/Raspberry_Pi/Pico_SDK_v1.5.1/pico-sdk/src/common/pico_time/time.c.obj
                0x10001aec                alarm_pool_init_default
 .text.alarm_pool_get_default
                0x10001b58        0x8 CMakeFiles/symbion_station8.dir/C_/Program_Files/Raspberry_Pi/Pico_SDK_v1.5.1/pico-sdk/src/common/pico_time/time.c.obj
                0x10001b58                alarm_pool_get_default
 .text.alarm_pool_add_alarm_at
                0x10001b60      0x174 CMakeFiles/symbion_station8.dir/C_/Program_Files/Raspberry_Pi/Pico_SDK_v1.5.1/pico-sdk/src/common/pico_time/time.c.obj
                0x10001b60                alarm_pool_add_alarm_at
 .text.alarm_pool_core_num
                0x10001cd4        0x4 CMakeFiles/symbion_station8.dir/C_/Program_Files/Raspberry_Pi/Pico_SDK_v1.5.1/pico-sdk/src/common/pico_time/time.c.obj
                0x10001cd4                alarm_pool_core_num
 .text.sleep_us
                0x10001cd8       0xdc CMakeFiles/symbion_station8.dir/C_/Program_Files/Raspberry_Pi/Pico_SDK_v1.5.1/pico-sdk/src/common/pico_time/time.c.obj
                0x10001cd8                sleep_us
 .text.sleep_ms
                0x10001db4       0xec CMakeFiles/symbion_station8.dir/C_/Program_Files/Raspberry_Pi/Pico_SDK_v1.5.1/pico-sdk/src/common/pico_time/time.c.obj
                0x10001db4                sleep_ms
 .text.best_effort_wfe_or_timeout
                0x10001ea0       0xe0 CMakeFiles/symbion_station8.dir/C_/Program_Files/Raspberry_Pi/Pico_SDK_v1.5.1/pico-sdk/src/common/pico_time/time.c.obj
                0x10001ea0                best_effort_wfe_or_timeout
 .text.hardware_alarm_irq_handler
                0x10001f80       0xbc CMakeFiles/symbion_station8.dir/C_/Program_Files/Raspberry_Pi/Pico_SDK_v1.5.1/pico-sdk/src/rp2_common/hardware_timer/timer.c.obj
 .text.hardware_alarm_claim
                0x1000203c       0x18 CMakeFiles/symbion_station8.dir/C_/Program_Files/Raspberry_Pi/Pico_SDK_v1.5.1/pico-sdk/src/rp2_common/hardware_timer/timer.c.obj
                0x1000203c                hardware_alarm_claim
 .text.time_us_64
                0x10002054       0x14 CMakeFiles/symbion_station8.dir/C_/Program_Files/Raspberry_Pi/Pico_SDK_v1.5.1/pico-sdk/src/rp2_common/hardware_timer/timer.c.obj
                0x10002054                time_us_64
 .text.busy_wait_until
                0x10002068       0x20 CMakeFiles/symbion_station8.dir/C_/Program_Files/Raspberry_Pi/Pico_SDK_v1.5.1/pico-sdk/src/rp2_common/hardware_timer/timer.c.obj
                0x10002068                busy_wait_until
 .text.hardware_alarm_set_callback
                0x10002088       0x8c CMakeFiles/symbion_station8.dir/C_/Program_Files/Raspberry_Pi/Pico_SDK_v1.5.1/pico-sdk/src/rp2_common/hardware_timer/timer.c.obj
                0x10002088                hardware_alarm_set_callback
 .text.hardware_alarm_set_target
                0x10002114       0xd0 CMakeFiles/symbion_station8.dir/C_/Program_Files/Raspberry_Pi/Pico_SDK_v1.5.1/pico-sdk/src/rp2_common/hardware_timer/timer.c.obj
                0x10002114                hardware_alarm_set_target
 .text.hardware_alarm_cancel
                0x100021e4       0x3c CMakeFiles/symbion_station8.dir/C_/Program_Files/Raspberry_Pi/Pico_SDK_v1.5.1/pico-sdk/src/rp2_common/hardware_timer/timer.c.obj
                0x100021e4                hardware_alarm_cancel
 .text.ph_merge_nodes
                0x10002220       0x50 CMakeFiles/symbion_station8.dir/C_/Program_Files/Raspberry_Pi/Pico_SDK_v1.5.1/pico-sdk/src/common/pico_util/pheap.c.obj
 .text.ph_post_alloc_init
                0x10002270       0x3c CMakeFiles/symbion_station8.dir/C_/Program_Files/Raspberry_Pi/Pico_SDK_v1.5.1/pico-sdk/src/common/pico_util/pheap.c.obj
                0x10002270                ph_post_alloc_init
 .text.ph_merge_two_pass
                0x100022ac       0x88 CMakeFiles/symbion_station8.dir/C_/Program_Files/Raspberry_Pi/Pico_SDK_v1.5.1/pico-sdk/src/common/pico_util/pheap.c.obj
                0x100022ac                ph_merge_two_pass
 .text.ph_remove_any_head
                0x10002334      0x124 CMakeFiles/symbion_station8.dir/C_/Program_Files/Raspberry_Pi/Pico_SDK_v1.5.1/pico-sdk/src/common/pico_util/pheap.c.obj
 .text.ph_remove_head
                0x10002458      0x128 CMakeFiles/symbion_station8.dir/C_/Program_Files/Raspberry_Pi/Pico_SDK_v1.5.1/pico-sdk/src/common/pico_util/pheap.c.obj
                0x10002458                ph_remove_head
 .text.ph_remove_and_free_node
                0x10002580       0x78 CMakeFiles/symbion_station8.dir/C_/Program_Files/Raspberry_Pi/Pico_SDK_v1.5.1/pico-sdk/src/common/pico_util/pheap.c.obj
                0x10002580                ph_remove_and_free_node
 .text.clocks_init
                0x100025f8      0x2c8 CMakeFiles/symbion_station8.dir/C_/Program_Files/Raspberry_Pi/Pico_SDK_v1.5.1/pico-sdk/src/rp2_common/hardware_clocks/clocks.c.obj
                0x100025f8                clocks_init
 .text.pll_init
                0x100028c0       0xa4 CMakeFiles/symbion_station8.dir/C_/Program_Files/Raspberry_Pi/Pico_SDK_v1.5.1/pico-sdk/src/rp2_common/hardware_pll/pll.c.obj
                0x100028c0                pll_init
 .text.watchdog_start_tick
                0x10002964       0x10 CMakeFiles/symbion_station8.dir/C_/Program_Files/Raspberry_Pi/Pico_SDK_v1.5.1/pico-sdk/src/rp2_common/hardware_watchdog/watchdog.c.obj
                0x10002964                watchdog_start_tick
 .text.watchdog_reboot
                0x10002974       0x9c CMakeFiles/symbion_station8.dir/C_/Program_Files/Raspberry_Pi/Pico_SDK_v1.5.1/pico-sdk/src/rp2_common/hardware_watchdog/watchdog.c.obj
                0x10002974                watchdog_reboot
 .text.xosc_init
                0x10002a10       0x28 CMakeFiles/symbion_station8.dir/C_/Program_Files/Raspberry_Pi/Pico_SDK_v1.5.1/pico-sdk/src/rp2_common/hardware_xosc/xosc.c.obj
                0x10002a10                xosc_init
 .text.runtime_init
                0x10002a38       0xf0 CMakeFiles/symbion_station8.dir/C_/Program_Files/Raspberry_Pi/Pico_SDK_v1.5.1/pico-sdk/src/rp2_common/pico_runtime/runtime.c.obj
                0x10002a38                runtime_init
 .text._exit    0x10002b28        0x4 CMakeFiles/symbion_station8.dir/C_/Program_Files/Raspberry_Pi/Pico_SDK_v1.5.1/pico-sdk/src/rp2_common/pico_runtime/runtime.c.obj
                0x10002b28                _exit
 .text.exit     0x10002b2c        0x8 CMakeFiles/symbion_station8.dir/C_/Program_Files/Raspberry_Pi/Pico_SDK_v1.5.1/pico-sdk/src/rp2_common/pico_runtime/runtime.c.obj
                0x10002b2c                exit
 .text.panic    0x10002b34       0x30 CMakeFiles/symbion_station8.dir/C_/Program_Files/Raspberry_Pi/Pico_SDK_v1.5.1/pico-sdk/src/rp2_common/pico_runtime/runtime.c.obj
                0x10002b34                panic
 .text.hard_assertion_failure
                0x10002b64        0xc CMakeFiles/symbion_station8.dir/C_/Program_Files/Raspberry_Pi/Pico_SDK_v1.5.1/pico-sdk/src/rp2_common/pico_runtime/runtime.c.obj
                0x10002b64                hard_assertion_failure
 .text._out_null
                0x10002b70        0x4 CMakeFiles/symbion_station8.dir/C_/Program_Files/Raspberry_Pi/Pico_SDK_v1.5.1/pico-sdk/src/rp2_common/pico_printf/printf.c.obj
 .text._out_rev
                0x10002b74       0xac CMakeFiles/symbion_station8.dir/C_/Program_Files/Raspberry_Pi/Pico_SDK_v1.5.1/pico-sdk/src/rp2_common/pico_printf/printf.c.obj
 .text._ntoa_format
                0x10002c20      0x1cc CMakeFiles/symbion_station8.dir/C_/Program_Files/Raspberry_Pi/Pico_SDK_v1.5.1/pico-sdk/src/rp2_common/pico_printf/printf.c.obj
 .text._out_char
                0x10002dec       0x10 CMakeFiles/symbion_station8.dir/C_/Program_Files/Raspberry_Pi/Pico_SDK_v1.5.1/pico-sdk/src/rp2_common/pico_printf/printf.c.obj
 .text._out_fct
                0x10002dfc       0x10 CMakeFiles/symbion_station8.dir/C_/Program_Files/Raspberry_Pi/Pico_SDK_v1.5.1/pico-sdk/src/rp2_common/pico_printf/printf.c.obj
 .text._ftoa    0x10002e0c      0x4a8 CMakeFiles/symbion_station8.dir/C_/Program_Files/Raspberry_Pi/Pico_SDK_v1.5.1/pico-sdk/src/rp2_common/pico_printf/printf.c.obj
 .text._etoa    0x100032b4      0x57c CMakeFiles/symbion_station8.dir/C_/Program_Files/Raspberry_Pi/Pico_SDK_v1.5.1/pico-sdk/src/rp2_common/pico_printf/printf.c.obj
 .text._vsnprintf
                0x10003830      0xbe0 CMakeFiles/symbion_station8.dir/C_/Program_Files/Raspberry_Pi/Pico_SDK_v1.5.1/pico-sdk/src/rp2_common/pico_printf/printf.c.obj
 .text.vfctprintf
                0x10004410       0x24 CMakeFiles/symbion_station8.dir/C_/Program_Files/Raspberry_Pi/Pico_SDK_v1.5.1/pico-sdk/src/rp2_common/pico_printf/printf.c.obj
                0x10004410                vfctprintf
 .text.weak_raw_vprintf
                0x10004434       0x30 CMakeFiles/symbion_station8.dir/C_/Program_Files/Raspberry_Pi/Pico_SDK_v1.5.1/pico-sdk/src/rp2_common/pico_printf/printf.c.obj
                0x10004434                weak_raw_vprintf
 .text          0x10004464       0x10 CMakeFiles/symbion_station8.dir/C_/Program_Files/Raspberry_Pi/Pico_SDK_v1.5.1/pico-sdk/src/rp2_common/pico_bit_ops/bit_ops_aeabi.S.obj
 .text.rom_func_lookup
                0x10004474       0x10 CMakeFiles/symbion_station8.dir/C_/Program_Files/Raspberry_Pi/Pico_SDK_v1.5.1/pico-sdk/src/rp2_common/pico_bootrom/bootrom.c.obj
                0x10004474                rom_func_lookup
 .text.rom_data_lookup
                0x10004484       0x10 CMakeFiles/symbion_station8.dir/C_/Program_Files/Raspberry_Pi/Pico_SDK_v1.5.1/pico-sdk/src/rp2_common/pico_bootrom/bootrom.c.obj
                0x10004484                rom_data_lookup
 .text.rom_funcs_lookup
                0x10004494       0x44 CMakeFiles/symbion_station8.dir/C_/Program_Files/Raspberry_Pi/Pico_SDK_v1.5.1/pico-sdk/src/rp2_common/pico_bootrom/bootrom.c.obj
                0x10004494                rom_funcs_lookup
 .text.__wrap___aeabi_idiv
                0x100044d8       0x50 CMakeFiles/symbion_station8.dir/C_/Program_Files/Raspberry_Pi/Pico_SDK_v1.5.1/pico-sdk/src/rp2_common/pico_divider/divider.S.obj
                0x100044d8                __wrap___aeabi_idivmod
                0x100044d8                divmod_s32s32
                0x100044d8                div_s32s32
                0x100044d8                __wrap___aeabi_idiv
                0x100044e0                divmod_s32s32_unsafe
                0x1000450c                divmod_s32s32_savestate
 .text.__wrap___aeabi_uidiv
                0x10004528       0x4c CMakeFiles/symbion_station8.dir/C_/Program_Files/Raspberry_Pi/Pico_SDK_v1.5.1/pico-sdk/src/rp2_common/pico_divider/divider.S.obj
                0x10004528                __wrap___aeabi_uidiv
                0x10004528                __wrap___aeabi_uidivmod
                0x10004528                div_u32u32
                0x10004528                divmod_u32u32
                0x10004530                divmod_u32u32_unsafe
                0x10004558                divmod_u32u32_savestate
 .text.__wrap___aeabi_ldiv
                0x10004574      0x424 CMakeFiles/symbion_station8.dir/C_/Program_Files/Raspberry_Pi/Pico_SDK_v1.5.1/pico-sdk/src/rp2_common/pico_divider/divider.S.obj
                0x10004574                div_s64s64
                0x10004574                divmod_s64s64
                0x10004574                __wrap___aeabi_ldivmod
                0x100045a4                divmod_u64u64
                0x100045a4                div_u64u64
                0x100045a4                __wrap___aeabi_uldivmod
                0x100045b4                divmod_u64u64_savestate
                0x100045d4                divmod_s64s64_unsafe
                0x1000465c                divmod_u64u64_unsafe
 .text.__wrap___aeabi_darithmetic
                0x10004998       0x80 CMakeFiles/symbion_station8.dir/C_/Program_Files/Raspberry_Pi/Pico_SDK_v1.5.1/pico-sdk/src/rp2_common/pico_double/double_aeabi.S.obj
                0x10004998                __wrap___aeabi_drsub
                0x1000499e                __wrap___aeabi_dsub
                0x100049b0                __wrap___aeabi_dadd
                0x100049c2                __wrap___aeabi_ddiv
                0x100049fe                __wrap___aeabi_dmul
 .text.__wrap___aeabi_cdcmple
                0x10004a18       0x6c CMakeFiles/symbion_station8.dir/C_/Program_Files/Raspberry_Pi/Pico_SDK_v1.5.1/pico-sdk/src/rp2_common/pico_double/double_aeabi.S.obj
                0x10004a18                __wrap___aeabi_cdrcmple
                0x10004a28                __wrap___aeabi_cdcmpeq
                0x10004a28                __wrap___aeabi_cdcmple
 .text.__wrap___aeabi_dcmplt
                0x10004a84        0xc CMakeFiles/symbion_station8.dir/C_/Program_Files/Raspberry_Pi/Pico_SDK_v1.5.1/pico-sdk/src/rp2_common/pico_double/double_aeabi.S.obj
                0x10004a84                __wrap___aeabi_dcmplt
 .text.__wrap___aeabi_dcmple
                0x10004a90       0x10 CMakeFiles/symbion_station8.dir/C_/Program_Files/Raspberry_Pi/Pico_SDK_v1.5.1/pico-sdk/src/rp2_common/pico_double/double_aeabi.S.obj
                0x10004a90                __wrap___aeabi_dcmple
 .text.__wrap___aeabi_dcmpge
                0x10004aa0       0x10 CMakeFiles/symbion_station8.dir/C_/Program_Files/Raspberry_Pi/Pico_SDK_v1.5.1/pico-sdk/src/rp2_common/pico_double/double_aeabi.S.obj
                0x10004aa0                __wrap___aeabi_dcmpge
 .text.__wrap___aeabi_dcmpgt
                0x10004ab0        0xa CMakeFiles/symbion_station8.dir/C_/Program_Files/Raspberry_Pi/Pico_SDK_v1.5.1/pico-sdk/src/rp2_common/pico_double/double_aeabi.S.obj
                0x10004ab0                __wrap___aeabi_dcmpgt
 .text.__wrap___aeabi_dcmpun
                0x10004aba       0x1c CMakeFiles/symbion_station8.dir/C_/Program_Files/Raspberry_Pi/Pico_SDK_v1.5.1/pico-sdk/src/rp2_common/pico_double/double_aeabi.S.obj
                0x10004aba                __wrap___aeabi_dcmpun
 *fill*         0x10004ad6        0x2 
 .text.__wrap___aeabi_i2d
                0x10004ad8       0x38 CMakeFiles/symbion_station8.dir/C_/Program_Files/Raspberry_Pi/Pico_SDK_v1.5.1/pico-sdk/src/rp2_common/pico_double/double_aeabi.S.obj
                0x10004ad8                __wrap___aeabi_ui2d
                0x10004ae0                __wrap___aeabi_i2d
 .text.__wrap___aeabi_d2iz
                0x10004b10       0x48 CMakeFiles/symbion_station8.dir/C_/Program_Files/Raspberry_Pi/Pico_SDK_v1.5.1/pico-sdk/src/rp2_common/pico_double/double_aeabi.S.obj
                0x10004b10                double2int_z
                0x10004b10                __wrap___aeabi_d2iz
 .text.__wrap___aeabi_d2uiz
                0x10004b58       0x18 CMakeFiles/symbion_station8.dir/C_/Program_Files/Raspberry_Pi/Pico_SDK_v1.5.1/pico-sdk/src/rp2_common/pico_double/double_aeabi.S.obj
                0x10004b58                __wrap___aeabi_d2uiz
                0x10004b58                double2uint
 .text.__aeabi_double_init
                0x10004b70       0x98 CMakeFiles/symbion_station8.dir/C_/Program_Files/Raspberry_Pi/Pico_SDK_v1.5.1/pico-sdk/src/rp2_common/pico_double/double_init_rom.c.obj
                0x10004b70                __aeabi_double_init
 .text.double_table_shim_on_use_helper
                0x10004c08       0x2c CMakeFiles/symbion_station8.dir/C_/Program_Files/Raspberry_Pi/Pico_SDK_v1.5.1/pico-sdk/src/rp2_common/pico_double/double_v1_rom_shim.S.obj
                0x10004c08                double_table_shim_on_use_helper
 .text.__wrap___aeabi_dsub
                0x10004c34       0x10 CMakeFiles/symbion_station8.dir/C_/Program_Files/Raspberry_Pi/Pico_SDK_v1.5.1/pico-sdk/src/rp2_common/pico_double/double_v1_rom_shim.S.obj
                0x10004c34                drsub_shim
                0x10004c3a                dsub_shim
 .text.dadd_shim
                0x10004c44      0x15c CMakeFiles/symbion_station8.dir/C_/Program_Files/Raspberry_Pi/Pico_SDK_v1.5.1/pico-sdk/src/rp2_common/pico_double/double_v1_rom_shim.S.obj
                0x10004c44                dadd_shim
 .text.dmul_shim
                0x10004da0      0x15c CMakeFiles/symbion_station8.dir/C_/Program_Files/Raspberry_Pi/Pico_SDK_v1.5.1/pico-sdk/src/rp2_common/pico_double/double_v1_rom_shim.S.obj
                0x10004da0                dmul_shim
 .text.ddiv_shim
                0x10004efc      0x1b0 CMakeFiles/symbion_station8.dir/C_/Program_Files/Raspberry_Pi/Pico_SDK_v1.5.1/pico-sdk/src/rp2_common/pico_double/double_v1_rom_shim.S.obj
                0x10004efc                ddiv_shim
 .text.double2uint_shim
                0x100050ac        0xe CMakeFiles/symbion_station8.dir/C_/Program_Files/Raspberry_Pi/Pico_SDK_v1.5.1/pico-sdk/src/rp2_common/pico_double/double_v1_rom_shim.S.obj
                0x100050ac                double2uint_shim
                0x100050ae                double2ufix_shim
 *fill*         0x100050ba        0x2 
 .text.double2uint64_shim
                0x100050bc       0x70 CMakeFiles/symbion_station8.dir/C_/Program_Files/Raspberry_Pi/Pico_SDK_v1.5.1/pico-sdk/src/rp2_common/pico_double/double_v1_rom_shim.S.obj
                0x100050bc                double2uint64_shim
                0x100050be                double2ufix64_shim
                0x100050de                d2fix_a
 .text.dunpacks
                0x1000512c       0x3c CMakeFiles/symbion_station8.dir/C_/Program_Files/Raspberry_Pi/Pico_SDK_v1.5.1/pico-sdk/src/rp2_common/pico_double/double_v1_rom_shim.S.obj
                0x1000512c                dunpacks
 .text.__aeabi_lmul
                0x10005168       0x32 CMakeFiles/symbion_station8.dir/C_/Program_Files/Raspberry_Pi/Pico_SDK_v1.5.1/pico-sdk/src/rp2_common/pico_int64_ops/pico_int64_ops_aeabi.S.obj
                0x10005168                __wrap___aeabi_lmul
 *fill*         0x1000519a        0x2 
 .text.__wrap___aeabi_farithmetic
                0x1000519c       0x48 CMakeFiles/symbion_station8.dir/C_/Program_Files/Raspberry_Pi/Pico_SDK_v1.5.1/pico-sdk/src/rp2_common/pico_float/float_aeabi.S.obj
                0x1000519c                __wrap___aeabi_frsub
                0x100051a2                __wrap___aeabi_fsub
                0x100051a8                __wrap___aeabi_fadd
                0x100051ae                __wrap___aeabi_fdiv
                0x100051d6                __wrap___aeabi_fmul
 .text.__wrap___aeabi_cfcmple
                0x100051e4       0x50 CMakeFiles/symbion_station8.dir/C_/Program_Files/Raspberry_Pi/Pico_SDK_v1.5.1/pico-sdk/src/rp2_common/pico_float/float_aeabi.S.obj
                0x100051e4                __wrap___aeabi_cfrcmple
                0x100051f0                __wrap___aeabi_cfcmple
                0x100051f0                __wrap___aeabi_cfcmpeq
 .text.__wrap___aeabi_fcmplt
                0x10005234        0xc CMakeFiles/symbion_station8.dir/C_/Program_Files/Raspberry_Pi/Pico_SDK_v1.5.1/pico-sdk/src/rp2_common/pico_float/float_aeabi.S.obj
                0x10005234                __wrap___aeabi_fcmplt
 .text.__wrap___aeabi_fcmple
                0x10005240       0x10 CMakeFiles/symbion_station8.dir/C_/Program_Files/Raspberry_Pi/Pico_SDK_v1.5.1/pico-sdk/src/rp2_common/pico_float/float_aeabi.S.obj
                0x10005240                __wrap___aeabi_fcmple
 .text.__wrap___aeabi_fcmpge
                0x10005250       0x10 CMakeFiles/symbion_station8.dir/C_/Program_Files/Raspberry_Pi/Pico_SDK_v1.5.1/pico-sdk/src/rp2_common/pico_float/float_aeabi.S.obj
                0x10005250                __wrap___aeabi_fcmpge
 .text.__wrap___aeabi_fcmpgt
                0x10005260        0xa CMakeFiles/symbion_station8.dir/C_/Program_Files/Raspberry_Pi/Pico_SDK_v1.5.1/pico-sdk/src/rp2_common/pico_float/float_aeabi.S.obj
                0x10005260                __wrap___aeabi_fcmpgt
 .text.__wrap___aeabi_ui2f
                0x1000526a        0xa CMakeFiles/symbion_station8.dir/C_/Program_Files/Raspberry_Pi/Pico_SDK_v1.5.1/pico-sdk/src/rp2_common/pico_float/float_aeabi.S.obj
                0x1000526a                __wrap___aeabi_ui2f
 .text.__wrap___aeabi_i2f
                0x10005274       0x44 CMakeFiles/symbion_station8.dir/C_/Program_Files/Raspberry_Pi/Pico_SDK_v1.5.1/pico-sdk/src/rp2_common/pico_float/float_aeabi.S.obj
                0x10005274                __wrap___aeabi_i2f
 .text.__wrap___aeabi_f2uiz
                0x100052b8        0xc CMakeFiles/symbion_station8.dir/C_/Program_Files/Raspberry_Pi/Pico_SDK_v1.5.1/pico-sdk/src/rp2_common/pico_float/float_aeabi.S.obj
                0x100052b8                __wrap___aeabi_f2uiz
 .text.__wrap___aeabi_f2d
                0x100052c4       0x14 CMakeFiles/symbion_station8.dir/C_/Program_Files/Raspberry_Pi/Pico_SDK_v1.5.1/pico-sdk/src/rp2_common/pico_float/float_aeabi.S.obj
                0x100052c4                __wrap___aeabi_f2d
 .text.__aeabi_float_init
                0x100052d8       0x64 CMakeFiles/symbion_station8.dir/C_/Program_Files/Raspberry_Pi/Pico_SDK_v1.5.1/pico-sdk/src/rp2_common/pico_float/float_init_rom.c.obj
                0x100052d8                __aeabi_float_init
 .text.float_table_shim_on_use_helper
                0x1000533c       0x2c CMakeFiles/symbion_station8.dir/C_/Program_Files/Raspberry_Pi/Pico_SDK_v1.5.1/pico-sdk/src/rp2_common/pico_float/float_v1_rom_shim.S.obj
                0x1000533c                float_table_shim_on_use_helper
 .text.float2double_shim
                0x10005368       0x30 CMakeFiles/symbion_station8.dir/C_/Program_Files/Raspberry_Pi/Pico_SDK_v1.5.1/pico-sdk/src/rp2_common/pico_float/float_v1_rom_shim.S.obj
                0x10005368                float2double_shim
 .text          0x10005398       0x10 CMakeFiles/symbion_station8.dir/C_/Program_Files/Raspberry_Pi/Pico_SDK_v1.5.1/pico-sdk/src/rp2_common/pico_mem_ops/mem_ops_aeabi.S.obj
                0x10005398                __aeabi_mem_init
 .text.memset   0x100053a8        0xc CMakeFiles/symbion_station8.dir/C_/Program_Files/Raspberry_Pi/Pico_SDK_v1.5.1/pico-sdk/src/rp2_common/pico_mem_ops/mem_ops_aeabi.S.obj
                0x100053a8                __wrap_memset
 .text.memcpy   0x100053b4        0xc CMakeFiles/symbion_station8.dir/C_/Program_Files/Raspberry_Pi/Pico_SDK_v1.5.1/pico-sdk/src/rp2_common/pico_mem_ops/mem_ops_aeabi.S.obj
                0x100053b4                __wrap_memcpy
                0x100053b4                __wrap___aeabi_memcpy
 .text.stdio_out_chars_crlf
                0x100053c0       0xb0 CMakeFiles/symbion_station8.dir/C_/Program_Files/Raspberry_Pi/Pico_SDK_v1.5.1/pico-sdk/src/rp2_common/pico_stdio/stdio.c.obj
 .text.stdio_buffered_printer
                0x10005470       0x64 CMakeFiles/symbion_station8.dir/C_/Program_Files/Raspberry_Pi/Pico_SDK_v1.5.1/pico-sdk/src/rp2_common/pico_stdio/stdio.c.obj
 .text.__wrap_putchar
                0x100054d4       0x94 CMakeFiles/symbion_station8.dir/C_/Program_Files/Raspberry_Pi/Pico_SDK_v1.5.1/pico-sdk/src/rp2_common/pico_stdio/stdio.c.obj
                0x100054d4                __wrap_putchar
 .text.__wrap_puts
                0x10005568       0xd4 CMakeFiles/symbion_station8.dir/C_/Program_Files/Raspberry_Pi/Pico_SDK_v1.5.1/pico-sdk/src/rp2_common/pico_stdio/stdio.c.obj
                0x10005568                __wrap_puts
 .text.stdio_set_driver_enabled
                0x1000563c       0x30 CMakeFiles/symbion_station8.dir/C_/Program_Files/Raspberry_Pi/Pico_SDK_v1.5.1/pico-sdk/src/rp2_common/pico_stdio/stdio.c.obj
                0x1000563c                stdio_set_driver_enabled
 .text.__wrap_vprintf
                0x1000566c       0xcc CMakeFiles/symbion_station8.dir/C_/Program_Files/Raspberry_Pi/Pico_SDK_v1.5.1/pico-sdk/src/rp2_common/pico_stdio/stdio.c.obj
                0x1000566c                __wrap_vprintf
 .text.__wrap_printf
                0x10005738       0x18 CMakeFiles/symbion_station8.dir/C_/Program_Files/Raspberry_Pi/Pico_SDK_v1.5.1/pico-sdk/src/rp2_common/pico_stdio/stdio.c.obj
                0x10005738                __wrap_printf
 .text.stdio_init_all
                0x10005750        0x8 CMakeFiles/symbion_station8.dir/C_/Program_Files/Raspberry_Pi/Pico_SDK_v1.5.1/pico-sdk/src/rp2_common/pico_stdio/stdio.c.obj
                0x10005750                stdio_init_all
 .text.resetd_init
                0x10005758        0x4 CMakeFiles/symbion_station8.dir/C_/Program_Files/Raspberry_Pi/Pico_SDK_v1.5.1/pico-sdk/src/rp2_common/pico_stdio_usb/reset_interface.c.obj
 .text.resetd_reset
                0x1000575c        0xc CMakeFiles/symbion_station8.dir/C_/Program_Files/Raspberry_Pi/Pico_SDK_v1.5.1/pico-sdk/src/rp2_common/pico_stdio_usb/reset_interface.c.obj
 .text.resetd_open
                0x10005768       0x28 CMakeFiles/symbion_station8.dir/C_/Program_Files/Raspberry_Pi/Pico_SDK_v1.5.1/pico-sdk/src/rp2_common/pico_stdio_usb/reset_interface.c.obj
 .text.resetd_xfer_cb
                0x10005790        0x4 CMakeFiles/symbion_station8.dir/C_/Program_Files/Raspberry_Pi/Pico_SDK_v1.5.1/pico-sdk/src/rp2_common/pico_stdio_usb/reset_interface.c.obj
 .text.resetd_control_xfer_cb
                0x10005794       0x60 CMakeFiles/symbion_station8.dir/C_/Program_Files/Raspberry_Pi/Pico_SDK_v1.5.1/pico-sdk/src/rp2_common/pico_stdio_usb/reset_interface.c.obj
 .text.usbd_app_driver_get_cb
                0x100057f4        0xc CMakeFiles/symbion_station8.dir/C_/Program_Files/Raspberry_Pi/Pico_SDK_v1.5.1/pico-sdk/src/rp2_common/pico_stdio_usb/reset_interface.c.obj
                0x100057f4                usbd_app_driver_get_cb
 .text.tud_cdc_line_coding_cb
                0x10005800       0x34 CMakeFiles/symbion_station8.dir/C_/Program_Files/Raspberry_Pi/Pico_SDK_v1.5.1/pico-sdk/src/rp2_common/pico_stdio_usb/reset_interface.c.obj
                0x10005800                tud_cdc_line_coding_cb
 .text.stdio_usb_set_chars_available_callback
                0x10005834       0x14 CMakeFiles/symbion_station8.dir/C_/Program_Files/Raspberry_Pi/Pico_SDK_v1.5.1/pico-sdk/src/rp2_common/pico_stdio_usb/stdio_usb.c.obj
                0x10005834                stdio_usb_set_chars_available_callback
 .text.usb_irq  0x10005848       0x10 CMakeFiles/symbion_station8.dir/C_/Program_Files/Raspberry_Pi/Pico_SDK_v1.5.1/pico-sdk/src/rp2_common/pico_stdio_usb/stdio_usb.c.obj
 .text.timer_task
                0x10005858       0x54 CMakeFiles/symbion_station8.dir/C_/Program_Files/Raspberry_Pi/Pico_SDK_v1.5.1/pico-sdk/src/rp2_common/pico_stdio_usb/stdio_usb.c.obj
 .text.stdio_usb_in_chars
                0x100058ac       0x8c CMakeFiles/symbion_station8.dir/C_/Program_Files/Raspberry_Pi/Pico_SDK_v1.5.1/pico-sdk/src/rp2_common/pico_stdio_usb/stdio_usb.c.obj
                0x100058ac                stdio_usb_in_chars
 .text.stdio_usb_out_chars
                0x10005938      0x100 CMakeFiles/symbion_station8.dir/C_/Program_Files/Raspberry_Pi/Pico_SDK_v1.5.1/pico-sdk/src/rp2_common/pico_stdio_usb/stdio_usb.c.obj
 .text.low_priority_worker_irq
                0x10005a38       0xa4 CMakeFiles/symbion_station8.dir/C_/Program_Files/Raspberry_Pi/Pico_SDK_v1.5.1/pico-sdk/src/rp2_common/pico_stdio_usb/stdio_usb.c.obj
 .text.tud_cdc_rx_cb
                0x10005adc       0x20 CMakeFiles/symbion_station8.dir/C_/Program_Files/Raspberry_Pi/Pico_SDK_v1.5.1/pico-sdk/src/rp2_common/pico_stdio_usb/stdio_usb.c.obj
                0x10005adc                tud_cdc_rx_cb
 .text.stdio_usb_init
                0x10005afc       0xdc CMakeFiles/symbion_station8.dir/C_/Program_Files/Raspberry_Pi/Pico_SDK_v1.5.1/pico-sdk/src/rp2_common/pico_stdio_usb/stdio_usb.c.obj
                0x10005afc                stdio_usb_init
 .text.tud_descriptor_device_cb
                0x10005bd8        0x8 CMakeFiles/symbion_station8.dir/C_/Program_Files/Raspberry_Pi/Pico_SDK_v1.5.1/pico-sdk/src/rp2_common/pico_stdio_usb/stdio_usb_descriptors.c.obj
                0x10005bd8                tud_descriptor_device_cb
 .text.tud_descriptor_configuration_cb
                0x10005be0        0x8 CMakeFiles/symbion_station8.dir/C_/Program_Files/Raspberry_Pi/Pico_SDK_v1.5.1/pico-sdk/src/rp2_common/pico_stdio_usb/stdio_usb_descriptors.c.obj
                0x10005be0                tud_descriptor_configuration_cb
 .text.tud_descriptor_string_cb
                0x10005be8       0x78 CMakeFiles/symbion_station8.dir/C_/Program_Files/Raspberry_Pi/Pico_SDK_v1.5.1/pico-sdk/src/rp2_common/pico_stdio_usb/stdio_usb_descriptors.c.obj
                0x10005be8                tud_descriptor_string_cb
 .text.startup._retrieve_unique_id_on_boot
                0x10005c60       0x10 CMakeFiles/symbion_station8.dir/C_/Program_Files/Raspberry_Pi/Pico_SDK_v1.5.1/pico-sdk/src/rp2_common/pico_unique_id/unique_id.c.obj
 .text.pico_get_unique_board_id_string
                0x10005c70      0x1a8 CMakeFiles/symbion_station8.dir/C_/Program_Files/Raspberry_Pi/Pico_SDK_v1.5.1/pico-sdk/src/rp2_common/pico_unique_id/unique_id.c.obj
                0x10005c70                pico_get_unique_board_id_string
 .text.flash_get_unique_id
                0x10005e18       0x3c CMakeFiles/symbion_station8.dir/C_/Program_Files/Raspberry_Pi/Pico_SDK_v1.5.1/pico-sdk/src/rp2_common/hardware_flash/flash.c.obj
                0x10005e18                flash_get_unique_id
 .text.dcd_int_enable
                0x10005e54        0xc CMakeFiles/symbion_station8.dir/C_/Program_Files/Raspberry_Pi/Pico_SDK_v1.5.1/pico-sdk/lib/tinyusb/src/portable/raspberrypi/rp2040/dcd_rp2040.c.obj
                0x10005e54                dcd_int_enable
 .text.dcd_set_address
                0x10005e60       0x14 CMakeFiles/symbion_station8.dir/C_/Program_Files/Raspberry_Pi/Pico_SDK_v1.5.1/pico-sdk/lib/tinyusb/src/portable/raspberrypi/rp2040/dcd_rp2040.c.obj
                0x10005e60                dcd_set_address
 .text.dcd_connect
                0x10005e74       0x10 CMakeFiles/symbion_station8.dir/C_/Program_Files/Raspberry_Pi/Pico_SDK_v1.5.1/pico-sdk/lib/tinyusb/src/portable/raspberrypi/rp2040/dcd_rp2040.c.obj
                0x10005e74                dcd_connect
 .text.dcd_init
                0x10005e84       0x98 CMakeFiles/symbion_station8.dir/C_/Program_Files/Raspberry_Pi/Pico_SDK_v1.5.1/pico-sdk/lib/tinyusb/src/portable/raspberrypi/rp2040/dcd_rp2040.c.obj
                0x10005e84                dcd_init
 .text.dcd_edpt0_status_complete
                0x10005f1c       0x1c CMakeFiles/symbion_station8.dir/C_/Program_Files/Raspberry_Pi/Pico_SDK_v1.5.1/pico-sdk/lib/tinyusb/src/portable/raspberrypi/rp2040/dcd_rp2040.c.obj
                0x10005f1c                dcd_edpt0_status_complete
 .text.dcd_edpt_open
                0x10005f38      0x108 CMakeFiles/symbion_station8.dir/C_/Program_Files/Raspberry_Pi/Pico_SDK_v1.5.1/pico-sdk/lib/tinyusb/src/portable/raspberrypi/rp2040/dcd_rp2040.c.obj
                0x10005f38                dcd_edpt_open
 .text.dcd_edpt_close_all
                0x10006040        0x8 CMakeFiles/symbion_station8.dir/C_/Program_Files/Raspberry_Pi/Pico_SDK_v1.5.1/pico-sdk/lib/tinyusb/src/portable/raspberrypi/rp2040/dcd_rp2040.c.obj
                0x10006040                dcd_edpt_close_all
 .text.dcd_edpt_xfer
                0x10006048       0x24 CMakeFiles/symbion_station8.dir/C_/Program_Files/Raspberry_Pi/Pico_SDK_v1.5.1/pico-sdk/lib/tinyusb/src/portable/raspberrypi/rp2040/dcd_rp2040.c.obj
                0x10006048                dcd_edpt_xfer
 .text.dcd_edpt_stall
                0x1000606c       0x3c CMakeFiles/symbion_station8.dir/C_/Program_Files/Raspberry_Pi/Pico_SDK_v1.5.1/pico-sdk/lib/tinyusb/src/portable/raspberrypi/rp2040/dcd_rp2040.c.obj
                0x1000606c                dcd_edpt_stall
 .text.dcd_edpt_clear_stall
                0x100060a8       0x30 CMakeFiles/symbion_station8.dir/C_/Program_Files/Raspberry_Pi/Pico_SDK_v1.5.1/pico-sdk/lib/tinyusb/src/portable/raspberrypi/rp2040/dcd_rp2040.c.obj
                0x100060a8                dcd_edpt_clear_stall
 .text.rp2040_usb_init
                0x100060d8       0x4c CMakeFiles/symbion_station8.dir/C_/Program_Files/Raspberry_Pi/Pico_SDK_v1.5.1/pico-sdk/lib/tinyusb/src/portable/raspberrypi/rp2040/rp2040_usb.c.obj
                0x100060d8                rp2040_usb_init
 .text.hw_endpoint_xfer_start
                0x10006124       0x40 CMakeFiles/symbion_station8.dir/C_/Program_Files/Raspberry_Pi/Pico_SDK_v1.5.1/pico-sdk/lib/tinyusb/src/portable/raspberrypi/rp2040/rp2040_usb.c.obj
                0x10006124                hw_endpoint_xfer_start
 .text.tud_mounted
                0x10006164       0x10 CMakeFiles/symbion_station8.dir/C_/Program_Files/Raspberry_Pi/Pico_SDK_v1.5.1/pico-sdk/lib/tinyusb/src/device/usbd.c.obj
                0x10006164                tud_mounted
 .text.tud_suspended
                0x10006174       0x10 CMakeFiles/symbion_station8.dir/C_/Program_Files/Raspberry_Pi/Pico_SDK_v1.5.1/pico-sdk/lib/tinyusb/src/device/usbd.c.obj
                0x10006174                tud_suspended
 .text.tud_inited
                0x10006184       0x14 CMakeFiles/symbion_station8.dir/C_/Program_Files/Raspberry_Pi/Pico_SDK_v1.5.1/pico-sdk/lib/tinyusb/src/device/usbd.c.obj
                0x10006184                tud_inited
 .text.tud_init
                0x10006198       0xd4 CMakeFiles/symbion_station8.dir/C_/Program_Files/Raspberry_Pi/Pico_SDK_v1.5.1/pico-sdk/lib/tinyusb/src/device/usbd.c.obj
                0x10006198                tud_init
 .text.tud_task_ext
                0x1000626c      0x850 CMakeFiles/symbion_station8.dir/C_/Program_Files/Raspberry_Pi/Pico_SDK_v1.5.1/pico-sdk/lib/tinyusb/src/device/usbd.c.obj
                0x1000626c                tud_task_ext
 .text.usbd_open_edpt_pair
                0x10006abc       0x9c CMakeFiles/symbion_station8.dir/C_/Program_Files/Raspberry_Pi/Pico_SDK_v1.5.1/pico-sdk/lib/tinyusb/src/device/usbd.c.obj
                0x10006abc                usbd_open_edpt_pair
 .text.usbd_defer_func
                0x10006b58       0x48 CMakeFiles/symbion_station8.dir/C_/Program_Files/Raspberry_Pi/Pico_SDK_v1.5.1/pico-sdk/lib/tinyusb/src/device/usbd.c.obj
                0x10006b58                usbd_defer_func
 .text.usbd_edpt_open
                0x10006ba0       0x34 CMakeFiles/symbion_station8.dir/C_/Program_Files/Raspberry_Pi/Pico_SDK_v1.5.1/pico-sdk/lib/tinyusb/src/device/usbd.c.obj
                0x10006ba0                usbd_edpt_open
 .text.usbd_edpt_claim
                0x10006bd4       0x28 CMakeFiles/symbion_station8.dir/C_/Program_Files/Raspberry_Pi/Pico_SDK_v1.5.1/pico-sdk/lib/tinyusb/src/device/usbd.c.obj
                0x10006bd4                usbd_edpt_claim
 .text.usbd_edpt_release
                0x10006bfc       0x28 CMakeFiles/symbion_station8.dir/C_/Program_Files/Raspberry_Pi/Pico_SDK_v1.5.1/pico-sdk/lib/tinyusb/src/device/usbd.c.obj
                0x10006bfc                usbd_edpt_release
 .text.usbd_edpt_xfer
                0x10006c24       0x4c CMakeFiles/symbion_station8.dir/C_/Program_Files/Raspberry_Pi/Pico_SDK_v1.5.1/pico-sdk/lib/tinyusb/src/device/usbd.c.obj
                0x10006c24                usbd_edpt_xfer
 .text.tud_control_status
                0x10006c70       0x2c CMakeFiles/symbion_station8.dir/C_/Program_Files/Raspberry_Pi/Pico_SDK_v1.5.1/pico-sdk/lib/tinyusb/src/device/usbd_control.c.obj
                0x10006c70                tud_control_status
 .text.tud_control_xfer
                0x10006c9c       0xa8 CMakeFiles/symbion_station8.dir/C_/Program_Files/Raspberry_Pi/Pico_SDK_v1.5.1/pico-sdk/lib/tinyusb/src/device/usbd_control.c.obj
                0x10006c9c                tud_control_xfer
 .text.usbd_control_reset
                0x10006d44       0x14 CMakeFiles/symbion_station8.dir/C_/Program_Files/Raspberry_Pi/Pico_SDK_v1.5.1/pico-sdk/lib/tinyusb/src/device/usbd_control.c.obj
                0x10006d44                usbd_control_reset
 .text.usbd_control_set_complete_callback
                0x10006d58        0xc CMakeFiles/symbion_station8.dir/C_/Program_Files/Raspberry_Pi/Pico_SDK_v1.5.1/pico-sdk/lib/tinyusb/src/device/usbd_control.c.obj
                0x10006d58                usbd_control_set_complete_callback
 .text.usbd_control_set_request
                0x10006d64       0x1c CMakeFiles/symbion_station8.dir/C_/Program_Files/Raspberry_Pi/Pico_SDK_v1.5.1/pico-sdk/lib/tinyusb/src/device/usbd_control.c.obj
                0x10006d64                usbd_control_set_request
 .text.usbd_control_xfer_cb
                0x10006d80       0xf4 CMakeFiles/symbion_station8.dir/C_/Program_Files/Raspberry_Pi/Pico_SDK_v1.5.1/pico-sdk/lib/tinyusb/src/device/usbd_control.c.obj
                0x10006d80                usbd_control_xfer_cb
 .text.tud_cdc_n_connected
                0x10006e74       0x30 CMakeFiles/symbion_station8.dir/C_/Program_Files/Raspberry_Pi/Pico_SDK_v1.5.1/pico-sdk/lib/tinyusb/src/class/cdc/cdc_device.c.obj
                0x10006e74                tud_cdc_n_connected
 .text.tud_cdc_n_available
                0x10006ea4       0x18 CMakeFiles/symbion_station8.dir/C_/Program_Files/Raspberry_Pi/Pico_SDK_v1.5.1/pico-sdk/lib/tinyusb/src/class/cdc/cdc_device.c.obj
                0x10006ea4                tud_cdc_n_available
 .text.tud_cdc_n_read
                0x10006ebc       0x6c CMakeFiles/symbion_station8.dir/C_/Program_Files/Raspberry_Pi/Pico_SDK_v1.5.1/pico-sdk/lib/tinyusb/src/class/cdc/cdc_device.c.obj
                0x10006ebc                tud_cdc_n_read
 .text.tud_cdc_n_write_flush
                0x10006f28       0x78 CMakeFiles/symbion_station8.dir/C_/Program_Files/Raspberry_Pi/Pico_SDK_v1.5.1/pico-sdk/lib/tinyusb/src/class/cdc/cdc_device.c.obj
                0x10006f28                tud_cdc_n_write_flush
 .text.tud_cdc_n_write
                0x10006fa0       0x34 CMakeFiles/symbion_station8.dir/C_/Program_Files/Raspberry_Pi/Pico_SDK_v1.5.1/pico-sdk/lib/tinyusb/src/class/cdc/cdc_device.c.obj
                0x10006fa0                tud_cdc_n_write
 .text.tud_cdc_n_write_available
                0x10006fd4       0x18 CMakeFiles/symbion_station8.dir/C_/Program_Files/Raspberry_Pi/Pico_SDK_v1.5.1/pico-sdk/lib/tinyusb/src/class/cdc/cdc_device.c.obj
                0x10006fd4                tud_cdc_n_write_available
 .text.cdcd_init
                0x10006fec       0x7c CMakeFiles/symbion_station8.dir/C_/Program_Files/Raspberry_Pi/Pico_SDK_v1.5.1/pico-sdk/lib/tinyusb/src/class/cdc/cdc_device.c.obj
                0x10006fec                cdcd_init
 .text.cdcd_reset
                0x10007068       0x2c CMakeFiles/symbion_station8.dir/C_/Program_Files/Raspberry_Pi/Pico_SDK_v1.5.1/pico-sdk/lib/tinyusb/src/class/cdc/cdc_device.c.obj
                0x10007068                cdcd_reset
 .text.cdcd_open
                0x10007094       0xe4 CMakeFiles/symbion_station8.dir/C_/Program_Files/Raspberry_Pi/Pico_SDK_v1.5.1/pico-sdk/lib/tinyusb/src/class/cdc/cdc_device.c.obj
                0x10007094                cdcd_open
 .text.cdcd_control_xfer_cb
                0x10007178       0xe4 CMakeFiles/symbion_station8.dir/C_/Program_Files/Raspberry_Pi/Pico_SDK_v1.5.1/pico-sdk/lib/tinyusb/src/class/cdc/cdc_device.c.obj
                0x10007178                cdcd_control_xfer_cb
 .text.cdcd_xfer_cb
                0x1000725c      0x13c CMakeFiles/symbion_station8.dir/C_/Program_Files/Raspberry_Pi/Pico_SDK_v1.5.1/pico-sdk/lib/tinyusb/src/class/cdc/cdc_device.c.obj
                0x1000725c                cdcd_xfer_cb
 .text.tusb_init
                0x10007398        0xc CMakeFiles/symbion_station8.dir/C_/Program_Files/Raspberry_Pi/Pico_SDK_v1.5.1/pico-sdk/lib/tinyusb/src/tusb.c.obj
                0x10007398                tusb_init
 .text.tusb_inited
                0x100073a4        0x8 CMakeFiles/symbion_station8.dir/C_/Program_Files/Raspberry_Pi/Pico_SDK_v1.5.1/pico-sdk/lib/tinyusb/src/tusb.c.obj
                0x100073a4                tusb_inited
 .text.tu_edpt_claim
                0x100073ac       0x50 CMakeFiles/symbion_station8.dir/C_/Program_Files/Raspberry_Pi/Pico_SDK_v1.5.1/pico-sdk/lib/tinyusb/src/tusb.c.obj
                0x100073ac                tu_edpt_claim
 .text.tu_edpt_release
                0x100073fc       0x38 CMakeFiles/symbion_station8.dir/C_/Program_Files/Raspberry_Pi/Pico_SDK_v1.5.1/pico-sdk/lib/tinyusb/src/tusb.c.obj
                0x100073fc                tu_edpt_release
 .text.tu_edpt_validate
                0x10007434       0x7c CMakeFiles/symbion_station8.dir/C_/Program_Files/Raspberry_Pi/Pico_SDK_v1.5.1/pico-sdk/lib/tinyusb/src/tusb.c.obj
                0x10007434                tu_edpt_validate
 .text.tu_edpt_bind_driver
                0x100074b0       0x34 CMakeFiles/symbion_station8.dir/C_/Program_Files/Raspberry_Pi/Pico_SDK_v1.5.1/pico-sdk/lib/tinyusb/src/tusb.c.obj
                0x100074b0                tu_edpt_bind_driver
 .text.tu_fifo_config
                0x100074e4       0x6c CMakeFiles/symbion_station8.dir/C_/Program_Files/Raspberry_Pi/Pico_SDK_v1.5.1/pico-sdk/lib/tinyusb/src/common/tusb_fifo.c.obj
                0x100074e4                tu_fifo_config
 .text.tu_fifo_count
                0x10007550       0x2c CMakeFiles/symbion_station8.dir/C_/Program_Files/Raspberry_Pi/Pico_SDK_v1.5.1/pico-sdk/lib/tinyusb/src/common/tusb_fifo.c.obj
                0x10007550                tu_fifo_count
 .text.tu_fifo_empty
                0x1000757c       0x10 CMakeFiles/symbion_station8.dir/C_/Program_Files/Raspberry_Pi/Pico_SDK_v1.5.1/pico-sdk/lib/tinyusb/src/common/tusb_fifo.c.obj
                0x1000757c                tu_fifo_empty
 .text.tu_fifo_remaining
                0x1000758c       0x2c CMakeFiles/symbion_station8.dir/C_/Program_Files/Raspberry_Pi/Pico_SDK_v1.5.1/pico-sdk/lib/tinyusb/src/common/tusb_fifo.c.obj
                0x1000758c                tu_fifo_remaining
 .text.tu_fifo_read
                0x100075b8       0x9c CMakeFiles/symbion_station8.dir/C_/Program_Files/Raspberry_Pi/Pico_SDK_v1.5.1/pico-sdk/lib/tinyusb/src/common/tusb_fifo.c.obj
                0x100075b8                tu_fifo_read
 .text.tu_fifo_read_n
                0x10007654       0xe8 CMakeFiles/symbion_station8.dir/C_/Program_Files/Raspberry_Pi/Pico_SDK_v1.5.1/pico-sdk/lib/tinyusb/src/common/tusb_fifo.c.obj
                0x10007654                tu_fifo_read_n
 .text.tu_fifo_write
                0x1000773c       0xa4 CMakeFiles/symbion_station8.dir/C_/Program_Files/Raspberry_Pi/Pico_SDK_v1.5.1/pico-sdk/lib/tinyusb/src/common/tusb_fifo.c.obj
                0x1000773c                tu_fifo_write
 .text.tu_fifo_write_n
                0x100077e0      0x174 CMakeFiles/symbion_station8.dir/C_/Program_Files/Raspberry_Pi/Pico_SDK_v1.5.1/pico-sdk/lib/tinyusb/src/common/tusb_fifo.c.obj
                0x100077e0                tu_fifo_write_n
 .text.tu_fifo_clear
                0x10007954       0x40 CMakeFiles/symbion_station8.dir/C_/Program_Files/Raspberry_Pi/Pico_SDK_v1.5.1/pico-sdk/lib/tinyusb/src/common/tusb_fifo.c.obj
                0x10007954                tu_fifo_clear
 .text.tu_fifo_set_overwritable
                0x10007994       0x48 CMakeFiles/symbion_station8.dir/C_/Program_Files/Raspberry_Pi/Pico_SDK_v1.5.1/pico-sdk/lib/tinyusb/src/common/tusb_fifo.c.obj
                0x10007994                tu_fifo_set_overwritable
 .text._ZN9Keypad4x4C2EPKhS1_
                0x100079dc       0x20 lib/keypad/libkeypad_lib.a(Keypad4x4.cpp.obj)
                0x100079dc                Keypad4x4::Keypad4x4(unsigned char const*, unsigned char const*)
                0x100079dc                Keypad4x4::Keypad4x4(unsigned char const*, unsigned char const*)
 .text._ZN9Keypad4x44initEv
                0x100079fc       0x64 lib/keypad/libkeypad_lib.a(Keypad4x4.cpp.obj)
                0x100079fc                Keypad4x4::init()
 .text._ZN9Keypad4x46getKeyEv
                0x10007a60       0xf0 lib/keypad/libkeypad_lib.a(Keypad4x4.cpp.obj)
                0x10007a60                Keypad4x4::getKey()
 .text._ZN10UltrasonicC2Ehh
                0x10007b50        0x8 lib/ultrasonic/libultrasonic_lib.a(Ultrasonic.cpp.obj)
                0x10007b50                Ultrasonic::Ultrasonic(unsigned char, unsigned char)
                0x10007b50                Ultrasonic::Ultrasonic(unsigned char, unsigned char)
 .text._ZN10Ultrasonic4initEv
                0x10007b58       0x30 lib/ultrasonic/libultrasonic_lib.a(Ultrasonic.cpp.obj)
                0x10007b58                Ultrasonic::init()
 .text._ZN10Ultrasonic16measureEchoPulseEv
                0x10007b88       0xe4 lib/ultrasonic/libultrasonic_lib.a(Ultrasonic.cpp.obj)
                0x10007b88                Ultrasonic::measureEchoPulse()
 .text._ZN10Ultrasonic15measureDistanceEv
                0x10007c6c       0x54 lib/ultrasonic/libultrasonic_lib.a(Ultrasonic.cpp.obj)
                0x10007c6c                Ultrasonic::measureDistance()
 .text._ZN11MotorDriverC2Ehhh
                0x10007cc0       0x18 lib/motor/libmotor_lib.a(MotorDriver.cpp.obj)
                0x10007cc0                MotorDriver::MotorDriver(unsigned char, unsigned char, unsigned char)
                0x10007cc0                MotorDriver::MotorDriver(unsigned char, unsigned char, unsigned char)
 .text._ZN11MotorDriver4initEv
                0x10007cd8       0x84 lib/motor/libmotor_lib.a(MotorDriver.cpp.obj)
                0x10007cd8                MotorDriver::init()
 .text._ZN11MotorDriver3runEhNS_9DirectionE
                0x10007d5c       0xa8 lib/motor/libmotor_lib.a(MotorDriver.cpp.obj)
                0x10007d5c                MotorDriver::run(unsigned char, MotorDriver::Direction)
 .text._ZN11MotorDriver4stopEv
                0x10007e04       0x50 lib/motor/libmotor_lib.a(MotorDriver.cpp.obj)
                0x10007e04                MotorDriver::stop()
 .text._ZN15ServoControllerC2Ehtt
                0x10007e54       0x1c lib/servo/libservo_lib.a(ServoController.cpp.obj)
                0x10007e54                ServoController::ServoController(unsigned char, unsigned short, unsigned short)
                0x10007e54                ServoController::ServoController(unsigned char, unsigned short, unsigned short)
 .text._ZN15ServoController4initEv
                0x10007e70       0xd0 lib/servo/libservo_lib.a(ServoController.cpp.obj)
                0x10007e70                ServoController::init()
 .text._ZN15ServoController8setAngleEf
                0x10007f40       0xb4 lib/servo/libservo_lib.a(ServoController.cpp.obj)
                0x10007f40                ServoController::setAngle(float)
 .text._ZN15ServoController11moveToAngleEfm
                0x10007ff4       0x58 lib/servo/libservo_lib.a(ServoController.cpp.obj)
                0x10007ff4                ServoController::moveToAngle(float, unsigned long)
 .text._ZN15ServoController6updateEv
                0x1000804c      0x188 lib/servo/libservo_lib.a(ServoController.cpp.obj)
                0x1000804c                ServoController::update()
 .text._ZN10PushButtonC2Ehb
                0x100081d4       0x14 lib/buttons/libbuttons_lib.a(PushButton.cpp.obj)
                0x100081d4                PushButton::PushButton(unsigned char, bool)
                0x100081d4                PushButton::PushButton(unsigned char, bool)
 .text._ZN10PushButton4initEv
                0x100081e8       0x90 lib/buttons/libbuttons_lib.a(PushButton.cpp.obj)
                0x100081e8                PushButton::init()
 .text._ZN10PushButton10wasPressedEv
                0x10008278       0x10 lib/buttons/libbuttons_lib.a(PushButton.cpp.obj)
                0x10008278                PushButton::wasPressed()
 .text._ZN10PushButton6updateEv
                0x10008288       0x88 lib/buttons/libbuttons_lib.a(PushButton.cpp.obj)
                0x10008288                PushButton::update()
 .text._ZN6BuzzerC2Eh
                0x10008310       0x18 lib/buttons/libbuttons_lib.a(Buzzer.cpp.obj)
                0x10008310                Buzzer::Buzzer(unsigned char)
                0x10008310                Buzzer::Buzzer(unsigned char)
 .text._ZN6Buzzer4initEv
                0x10008328       0x20 lib/buttons/libbuttons_lib.a(Buzzer.cpp.obj)
                0x10008328                Buzzer::init()
 .text._ZN6Buzzer19playStartupSequenceEv
                0x10008348       0x6c lib/buttons/libbuttons_lib.a(Buzzer.cpp.obj)
                0x10008348                Buzzer::playStartupSequence()
 .text._ZN6Buzzer15playSuccessBeepEv
                0x100083b4       0x48 lib/buttons/libbuttons_lib.a(Buzzer.cpp.obj)
                0x100083b4                Buzzer::playSuccessBeep()
 .text._ZN6Buzzer13playErrorBeepEv
                0x100083fc       0x44 lib/buttons/libbuttons_lib.a(Buzzer.cpp.obj)
                0x100083fc                Buzzer::playErrorBeep()
 .text._ZN6Buzzer15playConfirmBeepEv
                0x10008440       0x28 lib/buttons/libbuttons_lib.a(Buzzer.cpp.obj)
                0x10008440                Buzzer::playConfirmBeep()
 .text._ZN6Buzzer6updateEv
                0x10008468       0x84 lib/buttons/libbuttons_lib.a(Buzzer.cpp.obj)
                0x10008468                Buzzer::update()
 .text          0x100084ec       0x88 C:/PROGRA~1/RASPBE~1/PICOSD~1.1/GCC-AR~1/bin/../lib/gcc/arm-none-eabi/14.3.1/../../../../arm-none-eabi/lib/thumb/v6-m/nofp\libc.a(libc_a-strcmp.o)
                0x100084ec                strcmp
 .text.strlen   0x10008574       0x5c C:/PROGRA~1/RASPBE~1/PICOSD~1.1/GCC-AR~1/bin/../lib/gcc/arm-none-eabi/14.3.1/../../../../arm-none-eabi/lib/thumb/v6-m/nofp\libc.a(libc_a-strlen-stub.o)
                0x10008574                strlen
 *(.fini)
 .fini          0x100085d0        0x4 C:/PROGRA~1/RASPBE~1/PICOSD~1.1/GCC-AR~1/bin/../lib/gcc/arm-none-eabi/14.3.1/thumb/v6-m/nofp/crti.o
                0x100085d0                _fini
 *fill*         0x100085d4        0x4 
 .fini.__stub   0x100085d8       0xc0 linker stubs
 *crtbegin.o(.ctors)
 *crtbegin?.o(.ctors)
 *(EXCLUDE_FILE(*crtend.o *crtend?.o) .ctors)
 *(SORT_BY_NAME(.ctors.*))
 *(.ctors)
 *crtbegin.o(.dtors)
 *crtbegin?.o(.dtors)
 *(EXCLUDE_FILE(*crtend.o *crtend?.o) .dtors)
 *(SORT_BY_NAME(.dtors.*))
 *(.dtors)
 *(.eh_frame*)
 .eh_frame      0x10008698        0x0 C:/PROGRA~1/RASPBE~1/PICOSD~1.1/GCC-AR~1/bin/../lib/gcc/arm-none-eabi/14.3.1/thumb/v6-m/nofp/crtbegin.o
                0x10008698                        . = ALIGN (0x4)

.glue_7         0x10008698        0x0
 .glue_7        0x10008698        0x0 linker stubs

.glue_7t        0x10008698        0x0
 .glue_7t       0x10008698        0x0 linker stubs

.vfp11_veneer   0x10008698        0x0
 .vfp11_veneer  0x10008698        0x0 linker stubs

.v4_bx          0x10008698        0x0
 .v4_bx         0x10008698        0x0 linker stubs

.iplt           0x10008698        0x0
 .iplt          0x10008698        0x0 C:/PROGRA~1/RASPBE~1/PICOSD~1.1/GCC-AR~1/bin/../lib/gcc/arm-none-eabi/14.3.1/thumb/v6-m/nofp/crtbegin.o

.rodata         0x10008698     0x1390
 *(EXCLUDE_FILE(*libm.a: *libc.a:*lib_a-mem*.o *libgcc.a:) .rodata*)
 .rodata._Z18initializeHardwarev.str1.4
                0x10008698      0xfd7 CMakeFiles/symbion_station8.dir/main.cpp.obj
                                 0xb2 (size before relaxing)
 .rodata._Z15printGameStatusv.str1.4
                0x1000966f      0x1e3 CMakeFiles/symbion_station8.dir/main.cpp.obj
 .rodata._Z12moveToColumnh.str1.4
                0x1000966f      0x12e CMakeFiles/symbion_station8.dir/main.cpp.obj
 .rodata._Z12returnToHomev.str1.4
                0x1000966f       0x53 CMakeFiles/symbion_station8.dir/main.cpp.obj
 .rodata._Z19executeDropSequencev.str1.4
                0x1000966f       0xce CMakeFiles/symbion_station8.dir/main.cpp.obj
 .rodata._Z18executeWinSequencev.str1.4
                0x1000966f      0x245 CMakeFiles/symbion_station8.dir/main.cpp.obj
 .rodata._Z20executeResetSequencev.str1.4
                0x1000966f       0xa6 CMakeFiles/symbion_station8.dir/main.cpp.obj
 .rodata._Z17handleKeypadInputv.str1.4
                0x1000966f       0x47 CMakeFiles/symbion_station8.dir/main.cpp.obj
 .rodata._Z17handleButtonInputv.str1.4
                0x1000966f       0x8e CMakeFiles/symbion_station8.dir/main.cpp.obj
 .rodata._Z18updateStateMachinev.str1.4
                0x1000966f      0x50a CMakeFiles/symbion_station8.dir/main.cpp.obj
 *fill*         0x1000966f        0x1 
 .rodata._Z18updateStateMachinev
                0x10009670       0x2c CMakeFiles/symbion_station8.dir/main.cpp.obj
 .rodata.main.str1.4
                0x1000969c       0x91 CMakeFiles/symbion_station8.dir/main.cpp.obj
 .rodata.CSWTCH.63
                0x1000969c        0xc CMakeFiles/symbion_station8.dir/main.cpp.obj
 .rodata._ZL11UNLOCK_CODE
                0x100096a8        0x5 CMakeFiles/symbion_station8.dir/main.cpp.obj
 *fill*         0x100096ad        0x3 
 .rodata._ZL15KEYPAD_COL_PINS
                0x100096b0        0x4 CMakeFiles/symbion_station8.dir/main.cpp.obj
 .rodata._ZL15KEYPAD_ROW_PINS
                0x100096b4        0x4 CMakeFiles/symbion_station8.dir/main.cpp.obj
 .rodata.spin_lock_claim_unused.str1.4
                0x100096b8       0x1b CMakeFiles/symbion_station8.dir/C_/Program_Files/Raspberry_Pi/Pico_SDK_v1.5.1/pico-sdk/src/rp2_common/hardware_sync/sync.c.obj
 .rodata.user_irq_claim_unused.str1.4
                0x100096b8       0x1b CMakeFiles/symbion_station8.dir/C_/Program_Files/Raspberry_Pi/Pico_SDK_v1.5.1/pico-sdk/src/rp2_common/hardware_irq/irq.c.obj
 .rodata.hardware_alarm_claim.str1.4
                0x100096b8       0x22 CMakeFiles/symbion_station8.dir/C_/Program_Files/Raspberry_Pi/Pico_SDK_v1.5.1/pico-sdk/src/rp2_common/hardware_timer/timer.c.obj
 .rodata.panic.str1.4
                0x100096b8       0x12 CMakeFiles/symbion_station8.dir/C_/Program_Files/Raspberry_Pi/Pico_SDK_v1.5.1/pico-sdk/src/rp2_common/pico_runtime/runtime.c.obj
 .rodata.hard_assertion_failure.str1.4
                0x100096b8        0xc CMakeFiles/symbion_station8.dir/C_/Program_Files/Raspberry_Pi/Pico_SDK_v1.5.1/pico-sdk/src/rp2_common/pico_runtime/runtime.c.obj
 .rodata._ftoa.str1.4
                0x100096b8       0x15 CMakeFiles/symbion_station8.dir/C_/Program_Files/Raspberry_Pi/Pico_SDK_v1.5.1/pico-sdk/src/rp2_common/pico_printf/printf.c.obj
 .rodata._vsnprintf
                0x100096b8      0x19c CMakeFiles/symbion_station8.dir/C_/Program_Files/Raspberry_Pi/Pico_SDK_v1.5.1/pico-sdk/src/rp2_common/pico_printf/printf.c.obj
 *fill*         0x10009854        0x4 
 .rodata.pow10.0
                0x10009858       0x50 CMakeFiles/symbion_station8.dir/C_/Program_Files/Raspberry_Pi/Pico_SDK_v1.5.1/pico-sdk/src/rp2_common/pico_printf/printf.c.obj
 .rodata.str1.4
                0x100098a8       0x48 CMakeFiles/symbion_station8.dir/C_/Program_Files/Raspberry_Pi/Pico_SDK_v1.5.1/pico-sdk/src/rp2_common/pico_standard_link/binary_info.c.obj
 .rodata.__bi_81
                0x100098a8        0xc CMakeFiles/symbion_station8.dir/C_/Program_Files/Raspberry_Pi/Pico_SDK_v1.5.1/pico-sdk/src/rp2_common/pico_standard_link/binary_info.c.obj
 .rodata.__bi_75
                0x100098b4        0xc CMakeFiles/symbion_station8.dir/C_/Program_Files/Raspberry_Pi/Pico_SDK_v1.5.1/pico-sdk/src/rp2_common/pico_standard_link/binary_info.c.obj
 .rodata.__bi_44
                0x100098c0        0xc CMakeFiles/symbion_station8.dir/C_/Program_Files/Raspberry_Pi/Pico_SDK_v1.5.1/pico-sdk/src/rp2_common/pico_standard_link/binary_info.c.obj
 .rodata.crlf_str.0
                0x100098cc        0x2 CMakeFiles/symbion_station8.dir/C_/Program_Files/Raspberry_Pi/Pico_SDK_v1.5.1/pico-sdk/src/rp2_common/pico_stdio/stdio.c.obj
 *fill*         0x100098ce        0x2 
 .rodata._resetd_driver
                0x100098d0       0x18 CMakeFiles/symbion_station8.dir/C_/Program_Files/Raspberry_Pi/Pico_SDK_v1.5.1/pico-sdk/src/rp2_common/pico_stdio_usb/reset_interface.c.obj
 .rodata.str1.4
                0x100098e8       0x13 CMakeFiles/symbion_station8.dir/C_/Program_Files/Raspberry_Pi/Pico_SDK_v1.5.1/pico-sdk/src/rp2_common/pico_stdio_usb/stdio_usb.c.obj
 .rodata.__bi_182.0
                0x100098e8        0xc CMakeFiles/symbion_station8.dir/C_/Program_Files/Raspberry_Pi/Pico_SDK_v1.5.1/pico-sdk/src/rp2_common/pico_stdio_usb/stdio_usb.c.obj
 .rodata.str1.4
                0x100098f4       0x2a CMakeFiles/symbion_station8.dir/C_/Program_Files/Raspberry_Pi/Pico_SDK_v1.5.1/pico-sdk/src/rp2_common/pico_stdio_usb/stdio_usb_descriptors.c.obj
 .rodata.usbd_desc_str
                0x100098f4       0x18 CMakeFiles/symbion_station8.dir/C_/Program_Files/Raspberry_Pi/Pico_SDK_v1.5.1/pico-sdk/src/rp2_common/pico_stdio_usb/stdio_usb_descriptors.c.obj
 .rodata.usbd_desc_cfg
                0x1000990c       0x54 CMakeFiles/symbion_station8.dir/C_/Program_Files/Raspberry_Pi/Pico_SDK_v1.5.1/pico-sdk/src/rp2_common/pico_stdio_usb/stdio_usb_descriptors.c.obj
 .rodata.usbd_desc_device
                0x10009960       0x12 CMakeFiles/symbion_station8.dir/C_/Program_Files/Raspberry_Pi/Pico_SDK_v1.5.1/pico-sdk/src/rp2_common/pico_stdio_usb/stdio_usb_descriptors.c.obj
 .rodata.str1.4
                0x10009972       0x14 CMakeFiles/symbion_station8.dir/C_/Program_Files/Raspberry_Pi/Pico_SDK_v1.5.1/pico-sdk/lib/tinyusb/src/portable/raspberrypi/rp2040/dcd_rp2040.c.obj
 .rodata.str1.4
                0x10009972       0x53 CMakeFiles/symbion_station8.dir/C_/Program_Files/Raspberry_Pi/Pico_SDK_v1.5.1/pico-sdk/lib/tinyusb/src/portable/raspberrypi/rp2040/rp2040_usb.c.obj
 *fill*         0x10009972        0x2 
 .rodata.tud_task_ext
                0x10009974       0x8c CMakeFiles/symbion_station8.dir/C_/Program_Files/Raspberry_Pi/Pico_SDK_v1.5.1/pico-sdk/lib/tinyusb/src/device/usbd.c.obj
 .rodata._usbd_driver
                0x10009a00       0x18 CMakeFiles/symbion_station8.dir/C_/Program_Files/Raspberry_Pi/Pico_SDK_v1.5.1/pico-sdk/lib/tinyusb/src/device/usbd.c.obj
 .rodata._ZN9Keypad4x44KEYSE
                0x10009a18       0x10 lib/keypad/libkeypad_lib.a(Keypad4x4.cpp.obj)
                0x10009a18                Keypad4x4::KEYS
                0x10009a28                        . = ALIGN (0x4)
 *(SORT_BY_ALIGNMENT(SORT_BY_NAME(.flashdata*)))
                0x10009a28                        . = ALIGN (0x4)

.ARM.extab
 *(.ARM.extab* .gnu.linkonce.armextab.*)
                0x10009a28                        __exidx_start = .

.ARM.exidx
 *(.ARM.exidx* .gnu.linkonce.armexidx.*)
                0x10009a28                        __exidx_end = .
                0x10009a28                        . = ALIGN (0x4)
                0x10009a28                        __binary_info_start = .

.binary_info    0x10009a28       0x20
 *(.binary_info.keep.*)
 .binary_info.keep.__bi_ptr81
                0x10009a28        0x4 CMakeFiles/symbion_station8.dir/C_/Program_Files/Raspberry_Pi/Pico_SDK_v1.5.1/pico-sdk/src/rp2_common/pico_standard_link/binary_info.c.obj
 .binary_info.keep.__bi_ptr75
                0x10009a2c        0x4 CMakeFiles/symbion_station8.dir/C_/Program_Files/Raspberry_Pi/Pico_SDK_v1.5.1/pico-sdk/src/rp2_common/pico_standard_link/binary_info.c.obj
 .binary_info.keep.__bi_ptr50
                0x10009a30        0x4 CMakeFiles/symbion_station8.dir/C_/Program_Files/Raspberry_Pi/Pico_SDK_v1.5.1/pico-sdk/src/rp2_common/pico_standard_link/binary_info.c.obj
 .binary_info.keep.__bi_ptr44
                0x10009a34        0x4 CMakeFiles/symbion_station8.dir/C_/Program_Files/Raspberry_Pi/Pico_SDK_v1.5.1/pico-sdk/src/rp2_common/pico_standard_link/binary_info.c.obj
 .binary_info.keep.__bi_ptr38
                0x10009a38        0x4 CMakeFiles/symbion_station8.dir/C_/Program_Files/Raspberry_Pi/Pico_SDK_v1.5.1/pico-sdk/src/rp2_common/pico_standard_link/binary_info.c.obj
 .binary_info.keep.__bi_ptr30
                0x10009a3c        0x4 CMakeFiles/symbion_station8.dir/C_/Program_Files/Raspberry_Pi/Pico_SDK_v1.5.1/pico-sdk/src/rp2_common/pico_standard_link/binary_info.c.obj
 .binary_info.keep.__bi_ptr22
                0x10009a40        0x4 CMakeFiles/symbion_station8.dir/C_/Program_Files/Raspberry_Pi/Pico_SDK_v1.5.1/pico-sdk/src/rp2_common/pico_standard_link/binary_info.c.obj
 *(.binary_info.*)
 .binary_info.__bi_ptr182
                0x10009a44        0x4 CMakeFiles/symbion_station8.dir/C_/Program_Files/Raspberry_Pi/Pico_SDK_v1.5.1/pico-sdk/src/rp2_common/pico_stdio_usb/stdio_usb.c.obj
                0x10009a48                        __binary_info_end = .

.rel.dyn        0x10009a48        0x0
 .rel.iplt      0x10009a48        0x0 C:/PROGRA~1/RASPBE~1/PICOSD~1.1/GCC-AR~1/bin/../lib/gcc/arm-none-eabi/14.3.1/thumb/v6-m/nofp/crtbegin.o
                0x10009a48                        . = ALIGN (0x4)

.ram_vector_table
                0x20000000       0xc0
 *(.ram_vector_table)
 .ram_vector_table
                0x20000000       0xc0 CMakeFiles/symbion_station8.dir/C_/Program_Files/Raspberry_Pi/Pico_SDK_v1.5.1/pico-sdk/src/rp2_common/pico_runtime/runtime.c.obj
                0x20000000                ram_vector_table

.data           0x200000c0      0xe94 load address 0x10009a48
                0x200000c0                        __data_start__ = .
 *(vtable)
 *(.time_critical*)
 .time_critical.mutex_try_enter
                0x200000c0       0x40 CMakeFiles/symbion_station8.dir/C_/Program_Files/Raspberry_Pi/Pico_SDK_v1.5.1/pico-sdk/src/common/pico_sync/mutex.c.obj
                0x200000c0                mutex_try_enter
 .time_critical.mutex_try_enter_block_until
                0x20000100       0x98 CMakeFiles/symbion_station8.dir/C_/Program_Files/Raspberry_Pi/Pico_SDK_v1.5.1/pico-sdk/src/common/pico_sync/mutex.c.obj
                0x20000100                mutex_try_enter_block_until
 .time_critical.mutex_enter_timeout_ms
                0x20000198       0x8c CMakeFiles/symbion_station8.dir/C_/Program_Files/Raspberry_Pi/Pico_SDK_v1.5.1/pico-sdk/src/common/pico_sync/mutex.c.obj
                0x20000198                mutex_enter_timeout_ms
 .time_critical.mutex_exit
                0x20000224       0x28 CMakeFiles/symbion_station8.dir/C_/Program_Files/Raspberry_Pi/Pico_SDK_v1.5.1/pico-sdk/src/common/pico_sync/mutex.c.obj
                0x20000224                mutex_exit
 .time_critical.flash_init_boot2_copyout
                0x2000024c       0x30 CMakeFiles/symbion_station8.dir/C_/Program_Files/Raspberry_Pi/Pico_SDK_v1.5.1/pico-sdk/src/rp2_common/hardware_flash/flash.c.obj
 .time_critical.flash_enable_xip_via_boot2
                0x2000027c        0xc CMakeFiles/symbion_station8.dir/C_/Program_Files/Raspberry_Pi/Pico_SDK_v1.5.1/pico-sdk/src/rp2_common/hardware_flash/flash.c.obj
 .time_critical.flash_cs_force
                0x20000288       0x38 CMakeFiles/symbion_station8.dir/C_/Program_Files/Raspberry_Pi/Pico_SDK_v1.5.1/pico-sdk/src/rp2_common/hardware_flash/flash.c.obj
 .time_critical.flash_do_cmd
                0x200002c0      0x130 CMakeFiles/symbion_station8.dir/C_/Program_Files/Raspberry_Pi/Pico_SDK_v1.5.1/pico-sdk/src/rp2_common/hardware_flash/flash.c.obj
                0x200002c0                flash_do_cmd
 .time_critical.reset_non_control_endpoints
                0x200003f0       0x68 CMakeFiles/symbion_station8.dir/C_/Program_Files/Raspberry_Pi/Pico_SDK_v1.5.1/pico-sdk/lib/tinyusb/src/portable/raspberrypi/rp2040/dcd_rp2040.c.obj
 .time_critical.hw_handle_buff_status
                0x20000458       0xb8 CMakeFiles/symbion_station8.dir/C_/Program_Files/Raspberry_Pi/Pico_SDK_v1.5.1/pico-sdk/lib/tinyusb/src/portable/raspberrypi/rp2040/dcd_rp2040.c.obj
 .time_critical.dcd_rp2040_irq
                0x20000510      0x514 CMakeFiles/symbion_station8.dir/C_/Program_Files/Raspberry_Pi/Pico_SDK_v1.5.1/pico-sdk/lib/tinyusb/src/portable/raspberrypi/rp2040/dcd_rp2040.c.obj
 .time_critical.e15_is_bulkin_ep
                0x20000a24       0x28 CMakeFiles/symbion_station8.dir/C_/Program_Files/Raspberry_Pi/Pico_SDK_v1.5.1/pico-sdk/lib/tinyusb/src/portable/raspberrypi/rp2040/rp2040_usb.c.obj
 .time_critical.e15_is_critical_frame_period
                0x20000a4c       0x34 CMakeFiles/symbion_station8.dir/C_/Program_Files/Raspberry_Pi/Pico_SDK_v1.5.1/pico-sdk/lib/tinyusb/src/portable/raspberrypi/rp2040/rp2040_usb.c.obj
 .time_critical.prepare_ep_buffer
                0x20000a80       0x6c CMakeFiles/symbion_station8.dir/C_/Program_Files/Raspberry_Pi/Pico_SDK_v1.5.1/pico-sdk/lib/tinyusb/src/portable/raspberrypi/rp2040/rp2040_usb.c.obj
 .time_critical.sync_ep_buffer
                0x20000aec       0x48 CMakeFiles/symbion_station8.dir/C_/Program_Files/Raspberry_Pi/Pico_SDK_v1.5.1/pico-sdk/lib/tinyusb/src/portable/raspberrypi/rp2040/rp2040_usb.c.obj
 .time_critical._hw_endpoint_xfer_sync
                0x20000b34       0x28 CMakeFiles/symbion_station8.dir/C_/Program_Files/Raspberry_Pi/Pico_SDK_v1.5.1/pico-sdk/lib/tinyusb/src/portable/raspberrypi/rp2040/rp2040_usb.c.obj
 .time_critical.hw_endpoint_reset_transfer
                0x20000b5c        0xc CMakeFiles/symbion_station8.dir/C_/Program_Files/Raspberry_Pi/Pico_SDK_v1.5.1/pico-sdk/lib/tinyusb/src/portable/raspberrypi/rp2040/rp2040_usb.c.obj
                0x20000b5c                hw_endpoint_reset_transfer
 .time_critical._hw_endpoint_buffer_control_update32
                0x20000b68       0x58 CMakeFiles/symbion_station8.dir/C_/Program_Files/Raspberry_Pi/Pico_SDK_v1.5.1/pico-sdk/lib/tinyusb/src/portable/raspberrypi/rp2040/rp2040_usb.c.obj
                0x20000b68                _hw_endpoint_buffer_control_update32
 .time_critical.hw_endpoint_start_next_buffer
                0x20000bc0       0x68 CMakeFiles/symbion_station8.dir/C_/Program_Files/Raspberry_Pi/Pico_SDK_v1.5.1/pico-sdk/lib/tinyusb/src/portable/raspberrypi/rp2040/rp2040_usb.c.obj
                0x20000bc0                hw_endpoint_start_next_buffer
 .time_critical.hw_endpoint_xfer_continue
                0x20000c28       0x50 CMakeFiles/symbion_station8.dir/C_/Program_Files/Raspberry_Pi/Pico_SDK_v1.5.1/pico-sdk/lib/tinyusb/src/portable/raspberrypi/rp2040/rp2040_usb.c.obj
                0x20000c28                hw_endpoint_xfer_continue
 .time_critical.tinyusb
                0x20000c78      0x16c CMakeFiles/symbion_station8.dir/C_/Program_Files/Raspberry_Pi/Pico_SDK_v1.5.1/pico-sdk/lib/tinyusb/src/device/usbd.c.obj
                0x20000c78                dcd_event_handler
 *(.text*)
 .text          0x20000de4        0x4 C:/PROGRA~1/RASPBE~1/PICOSD~1.1/GCC-AR~1/bin/../lib/gcc/arm-none-eabi/14.3.1/thumb/v6-m/nofp\libgcc.a(_dvmd_tls.o)
                0x20000de4                __aeabi_idiv0
                0x20000de4                __aeabi_ldiv0
 .text.__stub   0x20000de8       0x70 linker stubs
                0x20000e58                        . = ALIGN (0x4)
 *(.rodata*)
                0x20000e58                        . = ALIGN (0x4)
 *(.data*)
 .data.currentPosition
                0x20000e58        0x4 CMakeFiles/symbion_station8.dir/main.cpp.obj
                0x20000e58                currentPosition
 .data.striped_spin_lock_num
                0x20000e5c        0x1 CMakeFiles/symbion_station8.dir/C_/Program_Files/Raspberry_Pi/Pico_SDK_v1.5.1/pico-sdk/src/rp2_common/hardware_sync/sync.c.obj
 *fill*         0x20000e5d        0x3 
 .data          0x20000e60       0x48 CMakeFiles/symbion_station8.dir/C_/Program_Files/Raspberry_Pi/Pico_SDK_v1.5.1/pico-sdk/src/rp2_common/hardware_irq/irq_handler_chain.S.obj
                0x20000e60                irq_handler_chain_slots
                0x20000e90                irq_handler_chain_first_slot
                0x20000e9a                irq_handler_chain_remove_tail
 .data.default_alarm_pool
                0x20000ea8       0x18 CMakeFiles/symbion_station8.dir/C_/Program_Files/Raspberry_Pi/Pico_SDK_v1.5.1/pico-sdk/src/common/pico_time/time.c.obj
 .data.default_alarm_pool_heap
                0x20000ec0       0x10 CMakeFiles/symbion_station8.dir/C_/Program_Files/Raspberry_Pi/Pico_SDK_v1.5.1/pico-sdk/src/common/pico_time/time.c.obj
 .data.aeabi_bits_funcs
                0x20000ed0       0x10 CMakeFiles/symbion_station8.dir/C_/Program_Files/Raspberry_Pi/Pico_SDK_v1.5.1/pico-sdk/src/rp2_common/pico_bit_ops/bit_ops_aeabi.S.obj
                0x20000ed0                aeabi_bits_funcs
                0x20000ee0                aeabi_bits_funcs_end
 .data.aeabi_mem_funcs
                0x20000ee0       0x10 CMakeFiles/symbion_station8.dir/C_/Program_Files/Raspberry_Pi/Pico_SDK_v1.5.1/pico-sdk/src/rp2_common/pico_mem_ops/mem_ops_aeabi.S.obj
                0x20000ee0                aeabi_mem_funcs
                0x20000ef0                aeabi_mem_funcs_end
 .data.stdio_usb
                0x20000ef0       0x18 CMakeFiles/symbion_station8.dir/C_/Program_Files/Raspberry_Pi/Pico_SDK_v1.5.1/pico-sdk/src/rp2_common/pico_stdio_usb/stdio_usb.c.obj
                0x20000ef0                stdio_usb
 .data.ep_dir_string
                0x20000f08        0x8 CMakeFiles/symbion_station8.dir/C_/Program_Files/Raspberry_Pi/Pico_SDK_v1.5.1/pico-sdk/lib/tinyusb/src/portable/raspberrypi/rp2040/rp2040_usb.c.obj
                0x20000f08                ep_dir_string
 .data._usbd_qdef
                0x20000f10       0x1c CMakeFiles/symbion_station8.dir/C_/Program_Files/Raspberry_Pi/Pico_SDK_v1.5.1/pico-sdk/lib/tinyusb/src/device/usbd.c.obj
                0x20000f10                _usbd_qdef
 .data._usbd_rhport
                0x20000f2c        0x1 CMakeFiles/symbion_station8.dir/C_/Program_Files/Raspberry_Pi/Pico_SDK_v1.5.1/pico-sdk/lib/tinyusb/src/device/usbd.c.obj
                0x20000f30                        . = ALIGN (0x4)
 *fill*         0x20000f2d        0x3 
 *(.after_data.*)
                0x20000f30                        . = ALIGN (0x4)
                0x20000f30                        PROVIDE (__mutex_array_start = .)
 *(SORT_BY_NAME(.mutex_array.*))
 *(.mutex_array)
 .mutex_array   0x20000f30        0x8 CMakeFiles/symbion_station8.dir/C_/Program_Files/Raspberry_Pi/Pico_SDK_v1.5.1/pico-sdk/src/rp2_common/pico_stdio/stdio.c.obj
                0x20000f38                        PROVIDE (__mutex_array_end = .)
                0x20000f38                        . = ALIGN (0x4)
                0x20000f38                        PROVIDE (__preinit_array_start = .)
 *(SORT_BY_NAME(.preinit_array.*))
 .preinit_array.00001
                0x20000f38        0x4 CMakeFiles/symbion_station8.dir/C_/Program_Files/Raspberry_Pi/Pico_SDK_v1.5.1/pico-sdk/src/rp2_common/pico_mem_ops/mem_ops_aeabi.S.obj
 .preinit_array.00010
                0x20000f3c        0x4 CMakeFiles/symbion_station8.dir/C_/Program_Files/Raspberry_Pi/Pico_SDK_v1.5.1/pico-sdk/src/rp2_common/pico_bit_ops/bit_ops_aeabi.S.obj
 .preinit_array.00020
                0x20000f40        0x4 CMakeFiles/symbion_station8.dir/C_/Program_Files/Raspberry_Pi/Pico_SDK_v1.5.1/pico-sdk/src/rp2_common/pico_double/double_aeabi.S.obj
 .preinit_array.00020
                0x20000f44        0x4 CMakeFiles/symbion_station8.dir/C_/Program_Files/Raspberry_Pi/Pico_SDK_v1.5.1/pico-sdk/src/rp2_common/pico_float/float_aeabi.S.obj
 *(.preinit_array)
                0x20000f48                        PROVIDE (__preinit_array_end = .)
                0x20000f48                        . = ALIGN (0x4)
                0x20000f48                        PROVIDE (__init_array_start = .)
 *(SORT_BY_NAME(.init_array.*))
 *(.init_array)
 .init_array    0x20000f48        0x4 C:/PROGRA~1/RASPBE~1/PICOSD~1.1/GCC-AR~1/bin/../lib/gcc/arm-none-eabi/14.3.1/thumb/v6-m/nofp/crtbegin.o
 .init_array    0x20000f4c        0x4 CMakeFiles/symbion_station8.dir/main.cpp.obj
 .init_array    0x20000f50        0x4 CMakeFiles/symbion_station8.dir/C_/Program_Files/Raspberry_Pi/Pico_SDK_v1.5.1/pico-sdk/src/rp2_common/pico_unique_id/unique_id.c.obj
                0x20000f54                        PROVIDE (__init_array_end = .)
                0x20000f54                        . = ALIGN (0x4)
                [!provide]                        PROVIDE (__fini_array_start = .)
 *(SORT_BY_NAME(.fini_array.*))
 *(.fini_array)
                [!provide]                        PROVIDE (__fini_array_end = .)
 *(.jcr)
                0x20000f54                        . = ALIGN (0x4)
                0x20000f54                        __data_end__ = .
                0x10009a48                        __etext = LOADADDR (.data)

.tm_clone_table
                0x20000f54        0x0 load address 0x1000a8dc
 .tm_clone_table
                0x20000f54        0x0 C:/PROGRA~1/RASPBE~1/PICOSD~1.1/GCC-AR~1/bin/../lib/gcc/arm-none-eabi/14.3.1/thumb/v6-m/nofp/crtbegin.o
 .tm_clone_table
                0x20000f54        0x0 C:/PROGRA~1/RASPBE~1/PICOSD~1.1/GCC-AR~1/bin/../lib/gcc/arm-none-eabi/14.3.1/thumb/v6-m/nofp/crtend.o

.igot.plt       0x20000f54        0x0 load address 0x1000a8dc
 .igot.plt      0x20000f54        0x0 C:/PROGRA~1/RASPBE~1/PICOSD~1.1/GCC-AR~1/bin/../lib/gcc/arm-none-eabi/14.3.1/thumb/v6-m/nofp/crtbegin.o

.uninitialized_data
                0x20000f54        0x0 load address 0x1000a8dc
                0x20000f54                        . = ALIGN (0x4)
 *(.uninitialized_data*)

.scratch_x      0x20040000        0x0 load address 0x1000a8dc
                0x20040000                        __scratch_x_start__ = .
 *(.scratch_x.*)
                0x20040000                        . = ALIGN (0x4)
                0x20040000                        __scratch_x_end__ = .
                0x1000a8dc                        __scratch_x_source__ = LOADADDR (.scratch_x)

.scratch_y      0x20041000        0x0 load address 0x1000a8dc
                0x20041000                        __scratch_y_start__ = .
 *(.scratch_y.*)
                0x20041000                        . = ALIGN (0x4)
                0x20041000                        __scratch_y_end__ = .
                0x1000a8dc                        __scratch_y_source__ = LOADADDR (.scratch_y)

.bss            0x20000f58      0xe90
                0x20000f58                        . = ALIGN (0x4)
                0x20000f58                        __bss_start__ = .
 *(SORT_BY_ALIGNMENT(SORT_BY_NAME(.bss*)))
 .bss.configured_freq
                0x20000f58       0x28 CMakeFiles/symbion_station8.dir/C_/Program_Files/Raspberry_Pi/Pico_SDK_v1.5.1/pico-sdk/src/rp2_common/hardware_clocks/clocks.c.obj
 .bss.default_alarm_pool_entries
                0x20000f80      0x100 CMakeFiles/symbion_station8.dir/C_/Program_Files/Raspberry_Pi/Pico_SDK_v1.5.1/pico-sdk/src/common/pico_time/time.c.obj
 .bss.last_avail_time.1
                0x20001080        0x8 CMakeFiles/symbion_station8.dir/C_/Program_Files/Raspberry_Pi/Pico_SDK_v1.5.1/pico-sdk/src/rp2_common/pico_stdio_usb/stdio_usb.c.obj
 .bss.sd_table  0x20001088      0x100 CMakeFiles/symbion_station8.dir/C_/Program_Files/Raspberry_Pi/Pico_SDK_v1.5.1/pico-sdk/src/rp2_common/pico_double/double_init_rom.c.obj
                0x20001088                sd_table
 .bss.sf_table  0x20001188      0x100 CMakeFiles/symbion_station8.dir/C_/Program_Files/Raspberry_Pi/Pico_SDK_v1.5.1/pico-sdk/src/rp2_common/pico_float/float_init_rom.c.obj
                0x20001188                sf_table
 .bss._app_driver
                0x20001288        0x4 CMakeFiles/symbion_station8.dir/C_/Program_Files/Raspberry_Pi/Pico_SDK_v1.5.1/pico-sdk/lib/tinyusb/src/device/usbd.c.obj
 .bss._cdcd_itf
                0x2000128c      0x2c8 CMakeFiles/symbion_station8.dir/C_/Program_Files/Raspberry_Pi/Pico_SDK_v1.5.1/pico-sdk/lib/tinyusb/src/class/cdc/cdc_device.c.obj
 .bss._ctrl_xfer
                0x20001554       0x14 CMakeFiles/symbion_station8.dir/C_/Program_Files/Raspberry_Pi/Pico_SDK_v1.5.1/pico-sdk/lib/tinyusb/src/device/usbd_control.c.obj
 .bss._ubsd_mutexdef
                0x20001568        0x8 CMakeFiles/symbion_station8.dir/C_/Program_Files/Raspberry_Pi/Pico_SDK_v1.5.1/pico-sdk/lib/tinyusb/src/device/usbd.c.obj
 .bss._usbd_ctrl_buf
                0x20001570       0x40 CMakeFiles/symbion_station8.dir/C_/Program_Files/Raspberry_Pi/Pico_SDK_v1.5.1/pico-sdk/lib/tinyusb/src/device/usbd_control.c.obj
 .bss._usbd_dev
                0x200015b0       0x53 CMakeFiles/symbion_station8.dir/C_/Program_Files/Raspberry_Pi/Pico_SDK_v1.5.1/pico-sdk/lib/tinyusb/src/device/usbd.c.obj
 *fill*         0x20001603        0x1 
 .bss._usbd_mutex
                0x20001604        0x4 CMakeFiles/symbion_station8.dir/C_/Program_Files/Raspberry_Pi/Pico_SDK_v1.5.1/pico-sdk/lib/tinyusb/src/device/usbd.c.obj
 .bss._usbd_q   0x20001608        0x4 CMakeFiles/symbion_station8.dir/C_/Program_Files/Raspberry_Pi/Pico_SDK_v1.5.1/pico-sdk/lib/tinyusb/src/device/usbd.c.obj
 .bss._usbd_qdef_buf
                0x2000160c       0xc0 CMakeFiles/symbion_station8.dir/C_/Program_Files/Raspberry_Pi/Pico_SDK_v1.5.1/pico-sdk/lib/tinyusb/src/device/usbd.c.obj
                0x2000160c                _usbd_qdef_buf
 .bss.alarm_callbacks
                0x200016cc       0x10 CMakeFiles/symbion_station8.dir/C_/Program_Files/Raspberry_Pi/Pico_SDK_v1.5.1/pico-sdk/src/rp2_common/hardware_timer/timer.c.obj
 .bss.boardLidServo
                0x200016dc       0x28 CMakeFiles/symbion_station8.dir/main.cpp.obj
                0x200016dc                boardLidServo
 .bss.boot2_copyout
                0x20001704      0x100 CMakeFiles/symbion_station8.dir/C_/Program_Files/Raspberry_Pi/Pico_SDK_v1.5.1/pico-sdk/src/rp2_common/hardware_flash/flash.c.obj
 .bss.boxServo  0x20001804       0x28 CMakeFiles/symbion_station8.dir/main.cpp.obj
                0x20001804                boxServo
 .bss.buzzer    0x2000182c       0x18 CMakeFiles/symbion_station8.dir/main.cpp.obj
                0x2000182c                buzzer
 .bss.chars_available_callback
                0x20001844        0x4 CMakeFiles/symbion_station8.dir/C_/Program_Files/Raspberry_Pi/Pico_SDK_v1.5.1/pico-sdk/src/rp2_common/pico_stdio_usb/stdio_usb.c.obj
 .bss.chars_available_param
                0x20001848        0x4 CMakeFiles/symbion_station8.dir/C_/Program_Files/Raspberry_Pi/Pico_SDK_v1.5.1/pico-sdk/src/rp2_common/pico_stdio_usb/stdio_usb.c.obj
 .bss.claimed   0x2000184c        0x4 CMakeFiles/symbion_station8.dir/C_/Program_Files/Raspberry_Pi/Pico_SDK_v1.5.1/pico-sdk/src/rp2_common/hardware_sync/sync.c.obj
 .bss.column1Button
                0x20001850       0x10 CMakeFiles/symbion_station8.dir/main.cpp.obj
                0x20001850                column1Button
 .bss.column2Button
                0x20001860       0x10 CMakeFiles/symbion_station8.dir/main.cpp.obj
                0x20001860                column2Button
 .bss.column3Button
                0x20001870       0x10 CMakeFiles/symbion_station8.dir/main.cpp.obj
                0x20001870                column3Button
 .bss.columnCounters
                0x20001880        0x3 CMakeFiles/symbion_station8.dir/main.cpp.obj
                0x20001880                columnCounters
 *fill*         0x20001883        0x1 
 .bss.confirmButton
                0x20001884       0x10 CMakeFiles/symbion_station8.dir/main.cpp.obj
                0x20001884                confirmButton
 .bss.default_alarm_pool_entry_ids_high
                0x20001894       0x10 CMakeFiles/symbion_station8.dir/C_/Program_Files/Raspberry_Pi/Pico_SDK_v1.5.1/pico-sdk/src/common/pico_time/time.c.obj
 .bss.default_alarm_pool_heap_nodes
                0x200018a4       0x30 CMakeFiles/symbion_station8.dir/C_/Program_Files/Raspberry_Pi/Pico_SDK_v1.5.1/pico-sdk/src/common/pico_time/time.c.obj
 .bss.desc_str.0
                0x200018d4       0x28 CMakeFiles/symbion_station8.dir/C_/Program_Files/Raspberry_Pi/Pico_SDK_v1.5.1/pico-sdk/src/rp2_common/pico_stdio_usb/stdio_usb_descriptors.c.obj
 .bss.drivers   0x200018fc        0x4 CMakeFiles/symbion_station8.dir/C_/Program_Files/Raspberry_Pi/Pico_SDK_v1.5.1/pico-sdk/src/rp2_common/pico_stdio/stdio.c.obj
 .bss.dropButton
                0x20001900       0x10 CMakeFiles/symbion_station8.dir/main.cpp.obj
                0x20001900                dropButton
 .bss.e15_last_sof
                0x20001910        0x4 CMakeFiles/symbion_station8.dir/C_/Program_Files/Raspberry_Pi/Pico_SDK_v1.5.1/pico-sdk/lib/tinyusb/src/portable/raspberrypi/rp2040/rp2040_usb.c.obj
                0x20001910                e15_last_sof
 .bss.enteredCode
                0x20001914        0x5 CMakeFiles/symbion_station8.dir/main.cpp.obj
                0x20001914                enteredCode
 *fill*         0x20001919        0x3 
 .bss.filter    0x2000191c        0x4 CMakeFiles/symbion_station8.dir/C_/Program_Files/Raspberry_Pi/Pico_SDK_v1.5.1/pico-sdk/src/rp2_common/pico_stdio/stdio.c.obj
 .bss.hw_endpoints
                0x20001920      0x400 CMakeFiles/symbion_station8.dir/C_/Program_Files/Raspberry_Pi/Pico_SDK_v1.5.1/pico-sdk/lib/tinyusb/src/portable/raspberrypi/rp2040/dcd_rp2040.c.obj
 .bss.keypad    0x20001d20       0x10 CMakeFiles/symbion_station8.dir/main.cpp.obj
                0x20001d20                keypad
 .bss.lazy_vsnprintf
                0x20001d30        0x4 CMakeFiles/symbion_station8.dir/C_/Program_Files/Raspberry_Pi/Pico_SDK_v1.5.1/pico-sdk/src/rp2_common/pico_printf/printf.c.obj
 .bss.load_value
                0x20001d34        0x4 CMakeFiles/symbion_station8.dir/C_/Program_Files/Raspberry_Pi/Pico_SDK_v1.5.1/pico-sdk/src/rp2_common/hardware_watchdog/watchdog.c.obj